###############################################################################
#
# IAR ELF Linker V7.80.4.12462/W32 for ARM                15/Jun/2022  14:56:45
# Copyright 2007-2017 IAR Systems AB.
#
#    Output file  =  
#        D:\reter sx1301\stm32_sx1301\EWARM\stm32_sx1301\Exe\stm32_sx1301.out
#    Map file     =  
#        D:\reter sx1301\stm32_sx1301\EWARM\stm32_sx1301\List\stm32_sx1301.map
#    Command line =  
#        "D:\reter sx1301\stm32_sx1301\EWARM\stm32_sx1301\Obj\loragw_reg.o"
#        "D:\reter sx1301\stm32_sx1301\EWARM\stm32_sx1301\Obj\loragw_spi.o"
#        "D:\reter sx1301\stm32_sx1301\EWARM\stm32_sx1301\Obj\main.o" "D:\reter
#        sx1301\stm32_sx1301\EWARM\stm32_sx1301\Obj\startup_stm32l476xx.o"
#        "D:\reter sx1301\stm32_sx1301\EWARM\stm32_sx1301\Obj\stm32l4xx_hal.o"
#        "D:\reter
#        sx1301\stm32_sx1301\EWARM\stm32_sx1301\Obj\stm32l4xx_hal_cortex.o"
#        "D:\reter
#        sx1301\stm32_sx1301\EWARM\stm32_sx1301\Obj\stm32l4xx_hal_dma.o"
#        "D:\reter
#        sx1301\stm32_sx1301\EWARM\stm32_sx1301\Obj\stm32l4xx_hal_dma_ex.o"
#        "D:\reter
#        sx1301\stm32_sx1301\EWARM\stm32_sx1301\Obj\stm32l4xx_hal_exti.o"
#        "D:\reter
#        sx1301\stm32_sx1301\EWARM\stm32_sx1301\Obj\stm32l4xx_hal_flash.o"
#        "D:\reter
#        sx1301\stm32_sx1301\EWARM\stm32_sx1301\Obj\stm32l4xx_hal_flash_ex.o"
#        "D:\reter
#        sx1301\stm32_sx1301\EWARM\stm32_sx1301\Obj\stm32l4xx_hal_flash_ramfunc.o"
#        "D:\reter
#        sx1301\stm32_sx1301\EWARM\stm32_sx1301\Obj\stm32l4xx_hal_gpio.o"
#        "D:\reter
#        sx1301\stm32_sx1301\EWARM\stm32_sx1301\Obj\stm32l4xx_hal_i2c.o"
#        "D:\reter
#        sx1301\stm32_sx1301\EWARM\stm32_sx1301\Obj\stm32l4xx_hal_i2c_ex.o"
#        "D:\reter
#        sx1301\stm32_sx1301\EWARM\stm32_sx1301\Obj\stm32l4xx_hal_msp.o"
#        "D:\reter
#        sx1301\stm32_sx1301\EWARM\stm32_sx1301\Obj\stm32l4xx_hal_pwr.o"
#        "D:\reter
#        sx1301\stm32_sx1301\EWARM\stm32_sx1301\Obj\stm32l4xx_hal_pwr_ex.o"
#        "D:\reter
#        sx1301\stm32_sx1301\EWARM\stm32_sx1301\Obj\stm32l4xx_hal_rcc.o"
#        "D:\reter
#        sx1301\stm32_sx1301\EWARM\stm32_sx1301\Obj\stm32l4xx_hal_rcc_ex.o"
#        "D:\reter
#        sx1301\stm32_sx1301\EWARM\stm32_sx1301\Obj\stm32l4xx_hal_spi.o"
#        "D:\reter
#        sx1301\stm32_sx1301\EWARM\stm32_sx1301\Obj\stm32l4xx_hal_spi_ex.o"
#        "D:\reter
#        sx1301\stm32_sx1301\EWARM\stm32_sx1301\Obj\stm32l4xx_hal_tim.o"
#        "D:\reter
#        sx1301\stm32_sx1301\EWARM\stm32_sx1301\Obj\stm32l4xx_hal_tim_ex.o"
#        "D:\reter
#        sx1301\stm32_sx1301\EWARM\stm32_sx1301\Obj\stm32l4xx_hal_uart.o"
#        "D:\reter
#        sx1301\stm32_sx1301\EWARM\stm32_sx1301\Obj\stm32l4xx_hal_uart_ex.o"
#        "D:\reter sx1301\stm32_sx1301\EWARM\stm32_sx1301\Obj\stm32l4xx_it.o"
#        "D:\reter sx1301\stm32_sx1301\EWARM\stm32_sx1301\Obj\sx1301_app.o"
#        "D:\reter
#        sx1301\stm32_sx1301\EWARM\stm32_sx1301\Obj\system_stm32l4xx.o"
#        --redirect _Printf=_PrintfFull --redirect _Scanf=_ScanfFull -o
#        "D:\reter sx1301\stm32_sx1301\EWARM\stm32_sx1301\Exe\stm32_sx1301.out"
#        --map "D:\reter
#        sx1301\stm32_sx1301\EWARM\stm32_sx1301\List\stm32_sx1301.map" --config
#        "D:\reter sx1301\stm32_sx1301\EWARM/stm32l476xx_flash.icf"
#        --semihosting --entry __iar_program_start --vfe
#
###############################################################################

*******************************************************************************
*** RUNTIME MODEL ATTRIBUTES
***

CppFlavor                     = *
__Heap_Handler                = Basic
__SystemLibrary               = DLib
__dlib_dynamic_initialization = normal


*******************************************************************************
*** PLACEMENT SUMMARY
***

"A0":  place at 0x08000000 { ro section .intvec };
"P1":  place in [from 0x08000000 to 0x080fffff] { ro };
"P2":  place in [from 0x20000000 to 0x20017fff] { rw, block CSTACK, block HEAP };
"P3":  place in [from 0x20000000 to 0x20017fff] {  };
initialize by copy { rw };

  Section             Kind        Address    Size  Object
  -------             ----        -------    ----  ------
"A0":                                       0x188
  .intvec             ro code  0x08000000   0x188  startup_stm32l476xx.o [1]
                             - 0x08000188   0x188

"P1":                                      0x68c8
  .text               ro code  0x08000188  0x119a  xprintffull.o [3]
  .text               ro code  0x08001322    0x20  xmbtowc.o [3]
  .text               ro code  0x08001344    0x16  strchr.o [5]
  .text               ro code  0x0800135c    0x36  strlen.o [5]
  .text               ro code  0x08001394    0x58  memchr.o [5]
  .text               ro code  0x080013ec     0xa  xmbcurmax.o [3]
  .text               ro code  0x080013f8    0xb0  xxmemxmalloc.o [3]
  .text               ro code  0x080014a8    0x1a  xwctomb.o [3]
  .text               ro code  0x080014c4    0x76  ABImemcpy_unaligned.o [5]
  .text               ro code  0x0800153c    0x80  xxmemxfree.o [3]
  .text               ro code  0x080015bc    0xee  I64DivMod.o [5]
  .text               ro code  0x080016aa    0x44  xdnorm.o [4]
  .text               ro code  0x080016f0    0x2e  DblCmpLe.o [4]
  .text               ro code  0x08001720    0x2e  DblCmpGe.o [4]
  .text               ro code  0x08001750   0x114  xdscale.o [4]
  .text               ro code  0x08001864    0x58  DblToI32.o [4]
  .text               ro code  0x080018bc    0x30  I32ToDbl.o [4]
  .text               ro code  0x080018ec   0x180  DblSub.o [4]
  .text               ro code  0x08001a6c   0x1a2  DblMul.o [4]
  .text               ro code  0x08001c10   0x256  DblDiv.o [4]
  .text               ro code  0x08001e68    0x6c  localeconv.o [3]
  .text               ro code  0x08001ed4     0xe  div.o [3]
  .text               ro code  0x08001ee4    0x14  setlocale.o [3]
  .text               ro code  0x08001ef8    0x60  xencoding_sb.o [3]
  .text               ro code  0x08001f58    0x2c  xgetmemchunk.o [3]
  .text               ro code  0x08001f84     0x2  I64DivZer.o [5]
  .text               ro code  0x08001f88    0xd4  DblAdd.o [4]
  .text               ro code  0x0800205c     0x2  xtls.o [3]
  .rodata             const    0x08002060   0xf48  loragw_reg.o [1]
  .text               ro code  0x08002fa8   0xaac  stm32l4xx_hal_rcc.o [1]
  .text               ro code  0x08003a54    0x64  stm32l4xx_hal.o [1]
  .text               ro code  0x08003ab8     0xc  stm32l4xx_hal.o [1]
  .text               ro code  0x08003ac4    0xa8  stm32l4xx_hal_pwr_ex.o [1]
  .text               ro code  0x08003b6c   0x118  stm32l4xx_hal_cortex.o [1]
  .text               ro code  0x08003c84   0x7c8  stm32l4xx_hal_rcc_ex.o [1]
  .text               ro code  0x0800444c   0x788  loragw_reg.o [1]
  .text               ro code  0x08004bd4   0x2b4  loragw_spi.o [1]
  .text               ro code  0x08004e88    0x24  printf.o [3]
  .text               ro code  0x08004eac   0x194  sx1301_app.o [1]
  .text               ro code  0x08005040   0x600  stm32l4xx_hal_spi.o [1]
  .text               ro code  0x08005640   0x238  stm32l4xx_hal_gpio.o [1]
  .text               ro code  0x08005878   0x138  stm32l4xx_hal_msp.o [1]
  .text               ro code  0x080059b0     0x6  ABImemclr4.o [5]
  .text               ro code  0x080059b8   0x2ac  main.o [1]
  .text               ro code  0x08005c64    0x32  ABImemset48.o [5]
  .text               ro code  0x08005c98   0x75c  stm32l4xx_hal_uart.o [1]
  .text               ro code  0x080063f4    0x34  stm32l4xx_hal.o [1]
  .text               ro code  0x08006428    0x14  stm32l4xx_hal_pwr.o [1]
  .text               ro code  0x0800643c    0x40  zero_init3.o [5]
  .rodata             const    0x0800647c    0x3c  sx1301_app.o [1]
  .text               ro code  0x080064b8    0x38  packbits_init_single.o [5]
  .rodata             const    0x080064f0    0x34  loragw_reg.o [1]
  .rodata             const    0x08006524    0x34  loragw_reg.o [1]
  .rodata             const    0x08006558    0x30  loragw_reg.o [1]
  .rodata             const    0x08006588    0x30  sx1301_app.o [1]
  .rodata             const    0x080065b8    0x30  system_stm32l4xx.o [1]
  .rodata             const    0x080065e8    0x2c  sx1301_app.o [1]
  .rodata             const    0x08006614    0x28  loragw_reg.o [1]
  .rodata             const    0x0800663c    0x28  sx1301_app.o [1]
  .text               ro code  0x08006664    0x28  data_init.o [5]
  .rodata             const    0x0800668c    0x24  loragw_reg.o [1]
  .rodata             const    0x080066b0    0x24  loragw_reg.o [1]
  .rodata             const    0x080066d4    0x24  sx1301_app.o [1]
  .text               ro code  0x080066f8    0x22  fpinit_M.o [4]
  .iar.init_table     const    0x0800671c    0x20  - Linker created -
  .rodata             const    0x0800673c    0x20  loragw_reg.o [1]
  .rodata             const    0x0800675c    0x20  loragw_reg.o [1]
  .rodata             const    0x0800677c    0x20  sx1301_app.o [1]
  .rodata             const    0x0800679c    0x20  sx1301_app.o [1]
  .rodata             const    0x080067bc    0x1c  main.o [1]
  .text               ro code  0x080067d8    0x1a  cmain.o [5]
  .text               ro code  0x080067f2     0x4  low_level_init.o [3]
  .text               ro code  0x080067f6     0x4  exit.o [3]
  .text               ro code  0x080067fc     0xa  cexit.o [5]
  .text               ro code  0x08006808    0x14  exit.o [6]
  .text               ro code  0x0800681c    0x18  stm32l4xx_hal.o [1]
  .text               ro code  0x08006834    0x18  stm32l4xx_it.o [1]
  .text               ro code  0x0800684c    0x16  xprout.o [3]
  .text               ro code  0x08006864     0xc  putchar.o [3]
  .text               ro code  0x08006870    0x14  system_stm32l4xx.o [1]
  .rodata             const    0x08006884    0x10  loragw_reg.o [1]
  .rodata             const    0x08006894    0x10  system_stm32l4xx.o [1]
  .text               ro code  0x080068a4    0x10  startup_stm32l476xx.o [1]
  .rodata             const    0x080068b4     0xc  loragw_reg.o [1]
  .text               ro code  0x080068c0     0xc  cstartup_M.o [5]
  .rodata             const    0x080068cc     0x8  system_stm32l4xx.o [1]
  .text               ro code  0x080068d4     0x4  startup_stm32l476xx.o [1]
  .text               ro code  0x080068d8     0x4  startup_stm32l476xx.o [1]
  .text               ro code  0x080068dc     0x4  startup_stm32l476xx.o [1]
  .text               ro code  0x080068e0     0x4  startup_stm32l476xx.o [1]
  .text               ro code  0x080068e4     0x4  startup_stm32l476xx.o [1]
  .text               ro code  0x080068e8     0x4  startup_stm32l476xx.o [1]
  .text               ro code  0x080068ec     0x4  startup_stm32l476xx.o [1]
  .text               ro code  0x080068f0     0x4  startup_stm32l476xx.o [1]
  .text               ro code  0x080068f4     0x4  startup_stm32l476xx.o [1]
  .text               ro code  0x080068f8     0x4  startup_stm32l476xx.o [1]
  .text               ro code  0x080068fc     0x4  startup_stm32l476xx.o [1]
  .text               ro code  0x08006900     0x4  startup_stm32l476xx.o [1]
  .text               ro code  0x08006904     0x4  startup_stm32l476xx.o [1]
  .text               ro code  0x08006908     0x4  startup_stm32l476xx.o [1]
  .text               ro code  0x0800690c     0x4  startup_stm32l476xx.o [1]
  .text               ro code  0x08006910     0x4  startup_stm32l476xx.o [1]
  .text               ro code  0x08006914     0x4  startup_stm32l476xx.o [1]
  .text               ro code  0x08006918     0x4  startup_stm32l476xx.o [1]
  .text               ro code  0x0800691c     0x4  startup_stm32l476xx.o [1]
  .text               ro code  0x08006920     0x4  startup_stm32l476xx.o [1]
  .text               ro code  0x08006924     0x4  startup_stm32l476xx.o [1]
  .text               ro code  0x08006928     0x4  startup_stm32l476xx.o [1]
  .text               ro code  0x0800692c     0x4  startup_stm32l476xx.o [1]
  .text               ro code  0x08006930     0x4  startup_stm32l476xx.o [1]
  .text               ro code  0x08006934     0x4  startup_stm32l476xx.o [1]
  .text               ro code  0x08006938     0x4  startup_stm32l476xx.o [1]
  .text               ro code  0x0800693c     0x4  startup_stm32l476xx.o [1]
  .text               ro code  0x08006940     0x4  startup_stm32l476xx.o [1]
  .text               ro code  0x08006944     0x4  startup_stm32l476xx.o [1]
  .text               ro code  0x08006948     0x4  startup_stm32l476xx.o [1]
  .text               ro code  0x0800694c     0x4  startup_stm32l476xx.o [1]
  .text               ro code  0x08006950     0x4  startup_stm32l476xx.o [1]
  .text               ro code  0x08006954     0x4  startup_stm32l476xx.o [1]
  .text               ro code  0x08006958     0x4  startup_stm32l476xx.o [1]
  .text               ro code  0x0800695c     0x4  startup_stm32l476xx.o [1]
  .text               ro code  0x08006960     0x4  startup_stm32l476xx.o [1]
  .text               ro code  0x08006964     0x4  startup_stm32l476xx.o [1]
  .text               ro code  0x08006968     0x4  startup_stm32l476xx.o [1]
  .text               ro code  0x0800696c     0x4  startup_stm32l476xx.o [1]
  .text               ro code  0x08006970     0x4  startup_stm32l476xx.o [1]
  .text               ro code  0x08006974     0x4  startup_stm32l476xx.o [1]
  .text               ro code  0x08006978     0x4  startup_stm32l476xx.o [1]
  .text               ro code  0x0800697c     0x4  startup_stm32l476xx.o [1]
  .text               ro code  0x08006980     0x4  startup_stm32l476xx.o [1]
  .text               ro code  0x08006984     0x4  startup_stm32l476xx.o [1]
  .text               ro code  0x08006988     0x4  startup_stm32l476xx.o [1]
  .text               ro code  0x0800698c     0x4  startup_stm32l476xx.o [1]
  .text               ro code  0x08006990     0x4  startup_stm32l476xx.o [1]
  .text               ro code  0x08006994     0x4  startup_stm32l476xx.o [1]
  .text               ro code  0x08006998     0x4  startup_stm32l476xx.o [1]
  .text               ro code  0x0800699c     0x4  startup_stm32l476xx.o [1]
  .text               ro code  0x080069a0     0x4  startup_stm32l476xx.o [1]
  .text               ro code  0x080069a4     0x4  startup_stm32l476xx.o [1]
  .text               ro code  0x080069a8     0x4  startup_stm32l476xx.o [1]
  .text               ro code  0x080069ac     0x4  startup_stm32l476xx.o [1]
  .text               ro code  0x080069b0     0x4  startup_stm32l476xx.o [1]
  .text               ro code  0x080069b4     0x4  startup_stm32l476xx.o [1]
  .text               ro code  0x080069b8     0x4  startup_stm32l476xx.o [1]
  .text               ro code  0x080069bc     0x4  startup_stm32l476xx.o [1]
  .text               ro code  0x080069c0     0x4  startup_stm32l476xx.o [1]
  .text               ro code  0x080069c4     0x4  startup_stm32l476xx.o [1]
  .text               ro code  0x080069c8     0x4  startup_stm32l476xx.o [1]
  .text               ro code  0x080069cc     0x4  startup_stm32l476xx.o [1]
  .text               ro code  0x080069d0     0x4  startup_stm32l476xx.o [1]
  .text               ro code  0x080069d4     0x4  startup_stm32l476xx.o [1]
  .text               ro code  0x080069d8     0x4  startup_stm32l476xx.o [1]
  .text               ro code  0x080069dc     0x4  startup_stm32l476xx.o [1]
  .text               ro code  0x080069e0     0x4  startup_stm32l476xx.o [1]
  .text               ro code  0x080069e4     0x4  startup_stm32l476xx.o [1]
  .text               ro code  0x080069e8     0x4  startup_stm32l476xx.o [1]
  .text               ro code  0x080069ec     0x4  startup_stm32l476xx.o [1]
  .text               ro code  0x080069f0     0x4  startup_stm32l476xx.o [1]
  .text               ro code  0x080069f4     0x4  startup_stm32l476xx.o [1]
  .text               ro code  0x080069f8     0x4  startup_stm32l476xx.o [1]
  .text               ro code  0x080069fc     0x4  startup_stm32l476xx.o [1]
  .text               ro code  0x08006a00     0x4  startup_stm32l476xx.o [1]
  .text               ro code  0x08006a04     0x4  startup_stm32l476xx.o [1]
  .text               ro code  0x08006a08     0x4  startup_stm32l476xx.o [1]
  .text               ro code  0x08006a0c     0x4  startup_stm32l476xx.o [1]
  .text               ro code  0x08006a10     0x4  startup_stm32l476xx.o [1]
  .text               ro code  0x08006a14     0x4  startup_stm32l476xx.o [1]
  .rodata             const    0x08006a18     0x0  zero_init3.o [5]
  .rodata             const    0x08006a18     0x0  packbits_init_single.o [5]
  Initializer bytes   const    0x08006a18    0x38  <for P2-P3-1>
                             - 0x08006a50  0x68c8

"P2-P3", part 1 of 3:                       0x149
  P2-P3-1                      0x20000000   0x149  <Init block>
    .data             inited   0x20000000     0x4  loragw_reg.o [1]
    .data             inited   0x20000004     0x4  stm32l4xx_hal.o [1]
    .data             inited   0x20000008     0x4  system_stm32l4xx.o [1]
    .data             inited   0x2000000c    0x40  xfiles.o [3]
    __DLIB_PERTHREAD  inited   0x2000004c    0x88  localeconv.o [3]
    __DLIB_PERTHREAD  inited   0x200000d4    0x74  setlocale.o [3]
    .data             inited   0x20000148     0x1  stm32l4xx_hal.o [1]
                             - 0x20000149   0x149

"P2-P3", part 2 of 3:                       0x600
  CSTACK                       0x20000150   0x400  <Block>
    CSTACK            uninit   0x20000150   0x400  <Block tail>
  HEAP                         0x20000550   0x200  <Block>
    HEAP              uninit   0x20000550   0x200  <Block tail>
                             - 0x20000750   0x600

"P2-P3", part 3 of 3:                       0x150
  .bss                zero     0x20000750    0x84  main.o [1]
  .bss                zero     0x200007d4    0x64  main.o [1]
  .bss                zero     0x20000838    0x50  xfiles.o [3]
  .bss                zero     0x20000888     0x8  xxmemxmalloc.o [3]
  .bss                zero     0x20000890     0x4  loragw_reg.o [1]
  .bss                zero     0x20000894     0x4  stm32l4xx_hal.o [1]
  .bss                zero     0x20000898     0x4  xgetmemchunk.o [3]
  .bss                zero     0x2000089c     0x1  loragw_reg.o [1]
                             - 0x2000089d   0x14d


*******************************************************************************
*** INIT TABLE
***

          Address     Size
          -------     ----
Zero (__iar_zero_init3)
    1 destination range, total size 0x14d:
          0x20000750  0x14d

Copy/packbits (__iar_packbits_init_single3)
    1 source range, total size 0x38 (17% of destination):
          0x08006a18   0x38
    1 destination range, total size 0x149:
          0x20000000  0x149



*******************************************************************************
*** MODULE SUMMARY
***

    Module                  ro code  ro data  rw data
    ------                  -------  -------  -------
D:\reter sx1301\stm32_sx1301\EWARM\stm32_sx1301\Obj: [1]
    loragw_reg.o              1 928    4 268        9
    loragw_spi.o                692
    main.o                      684       28      232
    startup_stm32l476xx.o       732
    stm32l4xx_hal.o             188        2        9
    stm32l4xx_hal_cortex.o      280
    stm32l4xx_hal_gpio.o        568
    stm32l4xx_hal_msp.o         312
    stm32l4xx_hal_pwr.o          20
    stm32l4xx_hal_pwr_ex.o      168
    stm32l4xx_hal_rcc.o       2 732
    stm32l4xx_hal_rcc_ex.o    1 992
    stm32l4xx_hal_spi.o       1 536
    stm32l4xx_hal_uart.o      1 884
    stm32l4xx_it.o               24
    sx1301_app.o                404      292
    system_stm32l4xx.o           20       73        4
    -------------------------------------------------
    Total:                   14 164    4 663      254

command line: [2]
    -------------------------------------------------
    Total:

dl7M_tlf.a: [3]
    div.o                        14
    exit.o                        4
    localeconv.o                108       24      136
    low_level_init.o              4
    printf.o                     36
    putchar.o                    12
    setlocale.o                  20       19      116
    xencoding_sb.o               96
    xfiles.o                              10      144
    xgetmemchunk.o               44                 4
    xmbcurmax.o                  10
    xmbtowc.o                    32
    xprintffull.o             4 506
    xprout.o                     22
    xtls.o                        2
    xwctomb.o                    26
    xxmemxfree.o                128
    xxmemxmalloc.o              176                 8
    -------------------------------------------------
    Total:                    5 240       53      408

m7M_tls.a: [4]
    DblAdd.o                    212
    DblCmpGe.o                   46
    DblCmpLe.o                   46
    DblDiv.o                    598
    DblMul.o                    418
    DblSub.o                    384
    DblToI32.o                   88
    I32ToDbl.o                   48
    fpinit_M.o                   34
    xdnorm.o                     68
    xdscale.o                   276
    -------------------------------------------------
    Total:                    2 218

rt7M_tl.a: [5]
    ABImemclr4.o                  6
    ABImemcpy_unaligned.o       118
    ABImemset48.o                50
    I64DivMod.o                 238
    I64DivZer.o                   2
    cexit.o                      10
    cmain.o                      26
    cstartup_M.o                 12
    data_init.o                  40
    memchr.o                     88
    packbits_init_single.o       56
    strchr.o                     22
    strlen.o                     54
    zero_init3.o                 64
    -------------------------------------------------
    Total:                      786

shb_l.a: [6]
    exit.o                       20
    -------------------------------------------------
    Total:                       20

    Gaps                         36        4
    Linker created                        32    1 536
-----------------------------------------------------
    Grand Total:             22 464    4 752    2 198


*******************************************************************************
*** ENTRY LIST
***

Entry                      Address   Size  Type      Object
-----                      -------   ----  ----      ------
.iar.init_table$$Base   0x0800671c          --   Gb  - Linker created -
.iar.init_table$$Limit  0x0800673c          --   Gb  - Linker created -
?main                   0x080067d9         Code  Gb  cmain.o [5]
AHBPrescTable           0x08006894   0x10  Data  Gb  system_stm32l4xx.o [1]
APBPrescTable           0x080068cc    0x8  Data  Gb  system_stm32l4xx.o [1]
BOB_HOSTSPI_WriteRead   0x08004ead   0x2e  Code  Gb  sx1301_app.o [1]
BusFault_Handler        0x0800683b    0x2  Code  Gb  stm32l4xx_it.o [1]
CSTACK$$Base            0x20000150          --   Gb  - Linker created -
CSTACK$$Limit           0x20000550          --   Gb  - Linker created -
DebugMon_Handler        0x08006841    0x2  Code  Gb  stm32l4xx_it.o [1]
Error_Handler           0x08005c61    0x4  Code  Gb  main.o [1]
HAL_GPIO_Init           0x08005641  0x1f4  Code  Gb  stm32l4xx_hal_gpio.o [1]
HAL_GPIO_WritePin       0x08005835   0x12  Code  Gb  stm32l4xx_hal_gpio.o [1]
HAL_GetTick             0x08003ab9    0xc  Code  Wk  stm32l4xx_hal.o [1]
HAL_IncTick             0x0800681d   0x18  Code  Wk  stm32l4xx_hal.o [1]
HAL_Init                0x080063f5   0x30  Code  Gb  stm32l4xx_hal.o [1]
HAL_InitTick            0x08003a55   0x64  Code  Wk  stm32l4xx_hal.o [1]
HAL_MspInit             0x08005879   0x36  Code  Gb  stm32l4xx_hal_msp.o [1]
HAL_NVIC_SetPriority    0x08003c35   0x26  Code  Gb  stm32l4xx_hal_cortex.o [1]
HAL_NVIC_SetPriorityGrouping
                        0x08003c29    0xc  Code  Gb  stm32l4xx_hal_cortex.o [1]
HAL_PWREx_ControlVoltageScaling
                        0x08003ad1   0x8a  Code  Gb  stm32l4xx_hal_pwr_ex.o [1]
HAL_PWREx_GetVoltageRange
                        0x08003ac5    0xc  Code  Gb  stm32l4xx_hal_pwr_ex.o [1]
HAL_PWR_EnableBkUpAccess
                        0x08006429    0xe  Code  Gb  stm32l4xx_hal_pwr.o [1]
HAL_RCCEx_EnableMSIPLLMode
                        0x0800412d   0x12  Code  Gb  stm32l4xx_hal_rcc_ex.o [1]
HAL_RCCEx_PeriphCLKConfig
                        0x08003c85  0x492  Code  Gb  stm32l4xx_hal_rcc_ex.o [1]
HAL_RCC_ClockConfig     0x0800368f  0x1ae  Code  Gb  stm32l4xx_hal_rcc.o [1]
HAL_RCC_GetHCLKFreq     0x08003937    0x6  Code  Gb  stm32l4xx_hal_rcc.o [1]
HAL_RCC_GetPCLK1Freq    0x0800393d   0x1a  Code  Gb  stm32l4xx_hal_rcc.o [1]
HAL_RCC_GetPCLK2Freq    0x08003957   0x1a  Code  Gb  stm32l4xx_hal_rcc.o [1]
HAL_RCC_GetSysClockFreq
                        0x0800383d   0xfa  Code  Gb  stm32l4xx_hal_rcc.o [1]
HAL_RCC_OscConfig       0x08002fa9  0x6e6  Code  Gb  stm32l4xx_hal_rcc.o [1]
HAL_SPI_Init            0x08005041   0xfa  Code  Gb  stm32l4xx_hal_spi.o [1]
HAL_SPI_MspInit         0x080058af   0x68  Code  Gb  stm32l4xx_hal_msp.o [1]
HAL_SPI_TransmitReceive
                        0x0800513b  0x2cc  Code  Gb  stm32l4xx_hal_spi.o [1]
HAL_SYSTICK_Config      0x08003c5b    0xc  Code  Gb  stm32l4xx_hal_cortex.o [1]
HAL_UART_Init           0x08005c99   0x7a  Code  Gb  stm32l4xx_hal_uart.o [1]
HAL_UART_MspInit        0x08005917   0x86  Code  Gb  stm32l4xx_hal_msp.o [1]
HAL_UART_Transmit       0x08005d13   0xe0  Code  Gb  stm32l4xx_hal_uart.o [1]
HEAP$$Base              0x20000550          --   Gb  - Linker created -
HEAP$$Limit             0x20000750          --   Gb  - Linker created -
HardFault_Handler       0x08006837    0x2  Code  Gb  stm32l4xx_it.o [1]
LoadInt                 0x080007ff   0x6e  Code  Lc  xprintffull.o [3]
MSIRangeTable           0x080065b8   0x30  Data  Gb  system_stm32l4xx.o [1]
MX_GPIO_Init            0x08005b6f   0xce  Code  Lc  main.o [1]
MX_SPI1_Init            0x08005ab3   0x6c  Code  Lc  main.o [1]
MX_USART2_UART_Init     0x08005b1f   0x50  Code  Lc  main.o [1]
MemManage_Handler       0x08006839    0x2  Code  Gb  stm32l4xx_it.o [1]
NMI_Handler             0x08006835    0x2  Code  Gb  stm32l4xx_it.o [1]
NVIC_EncodePriority     0x08003bbb   0x3e  Code  Lc  stm32l4xx_hal_cortex.o [1]
PendSV_Handler          0x08006843    0x2  Code  Gb  stm32l4xx_it.o [1]
RCCEx_PLLSAI1_Config    0x0800413f  0x1a0  Code  Lc  stm32l4xx_hal_rcc_ex.o [1]
RCCEx_PLLSAI2_Config    0x080042df  0x152  Code  Lc  stm32l4xx_hal_rcc_ex.o [1]
RCC_SetFlashLatencyFromMSIRange
                        0x08003985   0x9a  Code  Lc  stm32l4xx_hal_rcc.o [1]
Region$$Table$$Base     0x0800671c          --   Gb  - Linker created -
Region$$Table$$Limit    0x0800673c          --   Gb  - Linker created -
SPI_EndRxTxTransaction  0x080055d5   0x6c  Code  Lc  stm32l4xx_hal_spi.o [1]
SPI_WaitFifoStateUntilTimeout
                        0x080054df   0xf0  Code  Lc  stm32l4xx_hal_spi.o [1]
SPI_WaitFlagStateUntilTimeout
                        0x08005407   0xd8  Code  Lc  stm32l4xx_hal_spi.o [1]
SVC_Handler             0x0800683f    0x2  Code  Gb  stm32l4xx_it.o [1]
SysTick_Config          0x08003bf9   0x30  Code  Lc  stm32l4xx_hal_cortex.o [1]
SysTick_Handler         0x08006845    0x8  Code  Gb  stm32l4xx_it.o [1]
SystemClock_Config      0x08005a13   0xa0  Code  Gb  main.o [1]
SystemCoreClock         0x20000008    0x4  Data  Gb  system_stm32l4xx.o [1]
SystemInit              0x08006871    0xe  Code  Gb  system_stm32l4xx.o [1]
UART_AdvFeatureConfig   0x080061c9   0xda  Code  Gb  stm32l4xx_hal_uart.o [1]
UART_CheckIdleState     0x080062a3   0x6e  Code  Gb  stm32l4xx_hal_uart.o [1]
UART_SetConfig          0x08005df3  0x3ae  Code  Gb  stm32l4xx_hal_uart.o [1]
UART_WaitOnFlagUntilTimeout
                        0x08006311   0xe4  Code  Gb  stm32l4xx_hal_uart.o [1]
UsageFault_Handler      0x0800683d    0x2  Code  Gb  stm32l4xx_it.o [1]
_EncodingSb_Mbtowc      0x08001f13   0x30  Code  Gb  xencoding_sb.o [3]
_EncodingSb_Mbtowc::initial
                        0x08001f50    0x8  Data  Lc  xencoding_sb.o [3]
_EncodingSb_Wctomb      0x08001ef9   0x1a  Code  Gb  xencoding_sb.o [3]
_EncodingSb_Wctomb::initial
                        0x08001f48    0x8  Data  Lc  xencoding_sb.o [3]
_GenldFull              0x08001085  0x254  Code  Lc  xprintffull.o [3]
_IsdstStr               0x200000d8    0x4  Data  Gb  setlocale.o [3]
_LdtobFull              0x08000c85  0x3fa  Code  Lc  xprintffull.o [3]
_LitobFull              0x08000b79  0x10a  Code  Lc  xprintffull.o [3]
_LocaleEncoding         0x08001ee5    0xe  Code  Gb  setlocale.o [3]
_LocaleReturnString     0x200000f8   0x50  Data  Lc  setlocale.o [3]
_Locale_Profile         0x200000dc   0x1c  Data  Gb  setlocale.o [3]
_Locale_aeabi_lconv     0x2000009c   0x38  Data  Gb  localeconv.o [3]
_Locale_lconv           0x2000004c   0x50  Data  Gb  localeconv.o [3]
_Mbtowc                 0x08001323   0x20  Code  Gb  xmbtowc.o [3]
_PrintfFull             0x08000189  0x660  Code  Gb  xprintffull.o [3]
_Prout                  0x0800684d   0x16  Code  Gb  xprout.o [3]
_PutcharsFull           0x080012d9   0x2e  Code  Lc  xprintffull.o [3]
_PutstrFull             0x0800086d  0x306  Code  Lc  xprintffull.o [3]
_TzoneStr               0x200000d4    0x4  Data  Gb  setlocale.o [3]
_Wctomb                 0x080014a9   0x1a  Code  Gb  xwctomb.o [3]
__NVIC_GetPriorityGrouping
                        0x08003b8b    0xa  Code  Lc  stm32l4xx_hal_cortex.o [1]
__NVIC_SetPriority      0x08003b95   0x26  Code  Lc  stm32l4xx_hal_cortex.o [1]
__NVIC_SetPriorityGrouping
                        0x08003b6d   0x1e  Code  Lc  stm32l4xx_hal_cortex.o [1]
__aeabi_cdcmple         0x080016f1         Code  Gb  DblCmpLe.o [4]
__aeabi_cdrcmple        0x08001721         Code  Gb  DblCmpGe.o [4]
__aeabi_d2iz            0x08001865         Code  Gb  DblToI32.o [4]
__aeabi_d2uiz           0x08001891         Code  Gb  DblToI32.o [4]
__aeabi_ddiv            0x08001c11         Code  Gb  DblDiv.o [4]
__aeabi_dmul            0x08001a6d         Code  Gb  DblMul.o [4]
__aeabi_dsub            0x080018ed         Code  Gb  DblSub.o [4]
__aeabi_i2d             0x080018bd         Code  Gb  I32ToDbl.o [4]
__aeabi_ldiv0           0x08001f85         Code  Gb  I64DivZer.o [5]
__aeabi_memclr4         0x080059b1         Code  Gb  ABImemclr4.o [5]
__aeabi_ui2d            0x080018d1         Code  Gb  I32ToDbl.o [4]
__aeabi_uldivmod        0x080015bd         Code  Gb  I64DivMod.o [5]
__cmain                 0x080067d9         Code  Gb  cmain.o [5]
__data_Aldata           0x20000888    0x8  Data  Gb  xxmemxmalloc.o [3]
__data_GetMemChunk      0x08001f59   0x2c  Code  Gb  xgetmemchunk.o [3]
__data_GetMemChunk::start
                        0x20000898    0x4  Data  Lc  xgetmemchunk.o [3]
__exit                  0x08006809   0x14  Code  Gb  exit.o [6]
__iar_Dnorm             0x080016ab   0x44  Code  Gb  xdnorm.o [4]
__iar_Dscale            0x08001751  0x114  Code  Gb  xdscale.o [4]
__iar_Locale_lconv_init
                        0x08001e69   0x3a  Code  Gb  localeconv.o [3]
__iar_Mbcurmax          0x080013ed    0xa  Code  Gb  xmbcurmax.o [3]
__iar_Memchr            0x08001395         Code  Gb  memchr.o [5]
__iar_Memset4_word      0x08005c65         Code  Gb  ABImemset48.o [5]
__iar_Memset8_word      0x08005c65         Code  Gb  ABImemset48.o [5]
__iar_Stdout            0x2000000c   0x40  Data  Gb  xfiles.o [3]
__iar_Strchr            0x08001345         Code  Gb  strchr.o [5]
__iar_d2uiz             0x0800189d         Code  Gb  DblToI32.o [4]
__iar_dadd              0x08001f89         Code  Gb  DblAdd.o [4]
__iar_data_init3        0x08006665   0x28  Code  Gb  data_init.o [5]
__iar_dlib_perthread_access
                        0x0800205d    0x2  Code  Gb  xtls.o [3]
__iar_dsub              0x08001901         Code  Gb  DblSub.o [4]
__iar_dsubStart         0x08001913         Code  Gb  DblSub.o [4]
__iar_init_vfp          0x080066f9         Code  Gb  fpinit_M.o [4]
__iar_packbits_init_single3
                        0x080064b9   0x38  Code  Gb  packbits_init_single.o [5]
__iar_program_start     0x080068c1         Code  Gb  cstartup_M.o [5]
__iar_ui2d              0x080018d5         Code  Gb  I32ToDbl.o [4]
__iar_unaligned___aeabi_memcpy
                        0x080014c5         Code  Gb  ABImemcpy_unaligned.o [5]
__iar_unaligned___aeabi_memcpy4
                        0x080014e5         Code  Gb  ABImemcpy_unaligned.o [5]
__iar_unaligned___aeabi_memcpy8
                        0x080014e5         Code  Gb  ABImemcpy_unaligned.o [5]
__iar_zero_init3        0x0800643d   0x40  Code  Gb  zero_init3.o [5]
__low_level_init        0x080067f3    0x4  Code  Gb  low_level_init.o [3]
__vector_table          0x08000000         Data  Gb  startup_stm32l476xx.o [1]
_call_main              0x080067e5         Code  Gb  cmain.o [5]
_exit                   0x080067fd         Code  Gb  cexit.o [5]
_main                   0x080067ef         Code  Gb  cmain.o [5]
delay_m                 0x080059d1   0x1a  Code  Gb  main.o [1]
div                     0x08001ed5    0xe  Code  Gb  div.o [3]
exit                    0x080067f7    0x4  Code  Gb  exit.o [3]
fputc                   0x080059b9   0x18  Code  Gb  main.o [1]
free                    0x0800153d   0x7a  Code  Gb  xxmemxfree.o [3]
host_spi_release        0x08004eed   0x12  Code  Gb  sx1301_app.o [1]
host_spi_select         0x08004edb   0x12  Code  Gb  sx1301_app.o [1]
hspi1                   0x200007d4   0x64  Data  Gb  main.o [1]
huart2                  0x20000750   0x84  Data  Gb  main.o [1]
lgw_connect             0x0800470b   0xc0  Code  Gb  loragw_reg.o [1]
lgw_disconnect          0x080047cb    0xe  Code  Gb  loragw_reg.o [1]
lgw_reg_check           0x0800480f   0xc0  Code  Gb  loragw_reg.o [1]
lgw_reg_r               0x08004999   0xa2  Code  Gb  loragw_reg.o [1]
lgw_reg_rb              0x08004af3   0xaa  Code  Gb  loragw_reg.o [1]
lgw_reg_w               0x080048cf   0xca  Code  Gb  loragw_reg.o [1]
lgw_reg_wb              0x08004a3b   0xb8  Code  Gb  loragw_reg.o [1]
lgw_regpage             0x20000000    0x4  Data  Lc  loragw_reg.o [1]
lgw_soft_reset          0x080047d9   0x36  Code  Gb  loragw_reg.o [1]
lgw_spi_mux_mode        0x2000089c    0x1  Data  Gb  loragw_reg.o [1]
lgw_spi_r               0x08004c47   0x98  Code  Gb  loragw_spi.o [1]
lgw_spi_rb              0x08004db3   0xd6  Code  Gb  loragw_spi.o [1]
lgw_spi_target          0x20000890    0x4  Data  Gb  loragw_reg.o [1]
lgw_spi_w               0x08004bd5   0x72  Code  Gb  loragw_spi.o [1]
lgw_spi_wb              0x08004cdf   0xd4  Code  Gb  loragw_spi.o [1]
localeconv              0x08001ea3   0x16  Code  Gb  localeconv.o [3]
loregs                  0x08002060  0xf48  Data  Gb  loragw_reg.o [1]
main                    0x080059eb   0x28  Code  Gb  main.o [1]
malloc                  0x080013f9   0xac  Code  Gb  xxmemxmalloc.o [3]
memchr                  0x08001395         Code  Gb  memchr.o [5]
obuf                    0x20000838   0x50  Data  Lc  xfiles.o [3]
page_switch             0x0800444d   0x34  Code  Gb  loragw_reg.o [1]
printf                  0x08004e89   0x24  Code  Gb  printf.o [3]
putchar                 0x08006865    0xc  Code  Gb  putchar.o [3]
reg_r_align32           0x080045c3  0x148  Code  Gb  loragw_reg.o [1]
reg_w_align32           0x08004481  0x142  Code  Gb  loragw_reg.o [1]
strchr                  0x08001345         Code  Gb  strchr.o [5]
strlen                  0x0800135d         Code  Gb  strlen.o [5]
test_loragw_reg         0x08004eff  0x118  Code  Gb  sx1301_app.o [1]
uwTick                  0x20000894    0x4  Data  Gb  stm32l4xx_hal.o [1]
uwTickFreq              0x20000148    0x1  Data  Gb  stm32l4xx_hal.o [1]
uwTickPrio              0x20000004    0x4  Data  Gb  stm32l4xx_hal.o [1]


[1] = D:\reter sx1301\stm32_sx1301\EWARM\stm32_sx1301\Obj
[2] = command line
[3] = dl7M_tlf.a
[4] = m7M_tls.a
[5] = rt7M_tl.a
[6] = shb_l.a

  22 464 bytes of readonly  code memory
   4 752 bytes of readonly  data memory
   2 198 bytes of readwrite data memory

Errors: none
Warnings: none
