<?xml version="1.0" encoding="ISO-8859-1" ?>
<link_info>
   <banner>TI ARM Linker PC v18.1.5.LTS</banner>
   <copyright>Copyright (c) 1996-2018 Texas Instruments Incorporated</copyright>
   <link_time>0x5da6bdc7</link_time>
   <link_errors>0x0</link_errors>
   <output_file>TC_A3.out</output_file>
   <entry_point>
      <name>_c_int00</name>
      <address>0x8fd0</address>
   </entry_point>
   <input_file_list>
      <input_file id="fl-2">
         <path>.\</path>
         <kind>object</kind>
         <file>main.obj</file>
         <name>main.obj</name>
      </input_file>
      <input_file id="fl-3">
         <path>.\Hardware_Connections\</path>
         <kind>object</kind>
         <file>TC_CUBESAT_Connections.obj</file>
         <name>TC_CUBESAT_Connections.obj</name>
      </input_file>
      <input_file id="fl-4">
         <path>.\UVMODULE\</path>
         <kind>object</kind>
         <file>sx1276-Fsk.obj</file>
         <name>sx1276-Fsk.obj</name>
      </input_file>
      <input_file id="fl-5">
         <path>.\UVMODULE\</path>
         <kind>object</kind>
         <file>sx1276-LoRa.obj</file>
         <name>sx1276-LoRa.obj</name>
      </input_file>
      <input_file id="fl-6">
         <path>.\UVMODULE\</path>
         <kind>object</kind>
         <file>sx1276-LoRaMisc.obj</file>
         <name>sx1276-LoRaMisc.obj</name>
      </input_file>
      <input_file id="fl-7">
         <path>.\source\</path>
         <kind>object</kind>
         <file>adc.obj</file>
         <name>adc.obj</name>
      </input_file>
      <input_file id="fl-8">
         <path>.\source\</path>
         <kind>object</kind>
         <file>can.obj</file>
         <name>can.obj</name>
      </input_file>
      <input_file id="fl-9">
         <path>.\source\</path>
         <kind>object</kind>
         <file>crc.obj</file>
         <name>crc.obj</name>
      </input_file>
      <input_file id="fl-a">
         <path>.\source\</path>
         <kind>object</kind>
         <file>dabort.obj</file>
         <name>dabort.obj</name>
      </input_file>
      <input_file id="fl-b">
         <path>.\source\</path>
         <kind>object</kind>
         <file>dcc.obj</file>
         <name>dcc.obj</name>
      </input_file>
      <input_file id="fl-c">
         <path>.\source\</path>
         <kind>object</kind>
         <file>eqep.obj</file>
         <name>eqep.obj</name>
      </input_file>
      <input_file id="fl-d">
         <path>.\source\</path>
         <kind>object</kind>
         <file>esm.obj</file>
         <name>esm.obj</name>
      </input_file>
      <input_file id="fl-e">
         <path>.\source\</path>
         <kind>object</kind>
         <file>gio.obj</file>
         <name>gio.obj</name>
      </input_file>
      <input_file id="fl-f">
         <path>.\source\</path>
         <kind>object</kind>
         <file>het.obj</file>
         <name>het.obj</name>
      </input_file>
      <input_file id="fl-10">
         <path>.\source\</path>
         <kind>object</kind>
         <file>lin.obj</file>
         <name>lin.obj</name>
      </input_file>
      <input_file id="fl-11">
         <path>.\source\</path>
         <kind>object</kind>
         <file>notification.obj</file>
         <name>notification.obj</name>
      </input_file>
      <input_file id="fl-12">
         <path>.\source\</path>
         <kind>object</kind>
         <file>pinmux.obj</file>
         <name>pinmux.obj</name>
      </input_file>
      <input_file id="fl-13">
         <path>.\source\</path>
         <kind>object</kind>
         <file>rti.obj</file>
         <name>rti.obj</name>
      </input_file>
      <input_file id="fl-14">
         <path>.\source\</path>
         <kind>object</kind>
         <file>sci.obj</file>
         <name>sci.obj</name>
      </input_file>
      <input_file id="fl-15">
         <path>.\source\</path>
         <kind>object</kind>
         <file>spi.obj</file>
         <name>spi.obj</name>
      </input_file>
      <input_file id="fl-16">
         <path>.\source\</path>
         <kind>object</kind>
         <file>sys_core.obj</file>
         <name>sys_core.obj</name>
      </input_file>
      <input_file id="fl-17">
         <path>.\source\</path>
         <kind>object</kind>
         <file>sys_intvecs.obj</file>
         <name>sys_intvecs.obj</name>
      </input_file>
      <input_file id="fl-18">
         <path>.\source\</path>
         <kind>object</kind>
         <file>sys_main.obj</file>
         <name>sys_main.obj</name>
      </input_file>
      <input_file id="fl-19">
         <path>.\source\</path>
         <kind>object</kind>
         <file>sys_mpu.obj</file>
         <name>sys_mpu.obj</name>
      </input_file>
      <input_file id="fl-1a">
         <path>.\source\</path>
         <kind>object</kind>
         <file>sys_pcr.obj</file>
         <name>sys_pcr.obj</name>
      </input_file>
      <input_file id="fl-1b">
         <path>.\source\</path>
         <kind>object</kind>
         <file>sys_phantom.obj</file>
         <name>sys_phantom.obj</name>
      </input_file>
      <input_file id="fl-1c">
         <path>.\source\</path>
         <kind>object</kind>
         <file>sys_pmu.obj</file>
         <name>sys_pmu.obj</name>
      </input_file>
      <input_file id="fl-1d">
         <path>.\source\</path>
         <kind>object</kind>
         <file>sys_selftest.obj</file>
         <name>sys_selftest.obj</name>
      </input_file>
      <input_file id="fl-1e">
         <path>.\source\</path>
         <kind>object</kind>
         <file>sys_startup.obj</file>
         <name>sys_startup.obj</name>
      </input_file>
      <input_file id="fl-1f">
         <path>.\source\</path>
         <kind>object</kind>
         <file>sys_vim.obj</file>
         <name>sys_vim.obj</name>
      </input_file>
      <input_file id="fl-20">
         <path>.\source\</path>
         <kind>object</kind>
         <file>system.obj</file>
         <name>system.obj</name>
      </input_file>
      <input_file id="fl-24">
         <kind>object</kind>
         <file>&lt;internal&gt;</file>
         <name>&lt;internal&gt;</name>
      </input_file>
      <input_file id="fl-da">
         <path>C:\ti\ccsv8\tools\compiler\ti-cgt-arm_18.1.5.LTS\lib\</path>
         <kind>archive</kind>
         <file>rtsv7R4_A_be_eabi.lib</file>
         <name>s_floor.c.obj</name>
      </input_file>
      <input_file id="fl-db">
         <path>C:\ti\ccsv8\tools\compiler\ti-cgt-arm_18.1.5.LTS\lib\</path>
         <kind>archive</kind>
         <file>rtsv7R4_A_be_eabi.lib</file>
         <name>memset32.asm.obj</name>
      </input_file>
      <input_file id="fl-dc">
         <path>C:\ti\ccsv8\tools\compiler\ti-cgt-arm_18.1.5.LTS\lib\</path>
         <kind>archive</kind>
         <file>rtsv7R4_A_be_eabi.lib</file>
         <name>u_div32.asm.obj</name>
      </input_file>
      <input_file id="fl-dd">
         <path>C:\ti\ccsv8\tools\compiler\ti-cgt-arm_18.1.5.LTS\lib\</path>
         <kind>archive</kind>
         <file>rtsv7R4_A_be_eabi.lib</file>
         <name>fd_add32.asm.obj</name>
      </input_file>
      <input_file id="fl-de">
         <path>C:\ti\ccsv8\tools\compiler\ti-cgt-arm_18.1.5.LTS\lib\</path>
         <kind>archive</kind>
         <file>rtsv7R4_A_be_eabi.lib</file>
         <name>fd_cmp32.asm.obj</name>
      </input_file>
      <input_file id="fl-df">
         <path>C:\ti\ccsv8\tools\compiler\ti-cgt-arm_18.1.5.LTS\lib\</path>
         <kind>archive</kind>
         <file>rtsv7R4_A_be_eabi.lib</file>
         <name>fd_div32.asm.obj</name>
      </input_file>
      <input_file id="fl-e0">
         <path>C:\ti\ccsv8\tools\compiler\ti-cgt-arm_18.1.5.LTS\lib\</path>
         <kind>archive</kind>
         <file>rtsv7R4_A_be_eabi.lib</file>
         <name>fd_mul32.asm.obj</name>
      </input_file>
      <input_file id="fl-e1">
         <path>C:\ti\ccsv8\tools\compiler\ti-cgt-arm_18.1.5.LTS\lib\</path>
         <kind>archive</kind>
         <file>rtsv7R4_A_be_eabi.lib</file>
         <name>fd_toi32.asm.obj</name>
      </input_file>
      <input_file id="fl-e2">
         <path>C:\ti\ccsv8\tools\compiler\ti-cgt-arm_18.1.5.LTS\lib\</path>
         <kind>archive</kind>
         <file>rtsv7R4_A_be_eabi.lib</file>
         <name>fd_tou32.asm.obj</name>
      </input_file>
      <input_file id="fl-e3">
         <path>C:\ti\ccsv8\tools\compiler\ti-cgt-arm_18.1.5.LTS\lib\</path>
         <kind>archive</kind>
         <file>rtsv7R4_A_be_eabi.lib</file>
         <name>memcpy32.asm.obj</name>
      </input_file>
      <input_file id="fl-e4">
         <path>C:\ti\ccsv8\tools\compiler\ti-cgt-arm_18.1.5.LTS\lib\</path>
         <kind>archive</kind>
         <file>rtsv7R4_A_be_eabi.lib</file>
         <name>u_tofd32.asm.obj</name>
      </input_file>
      <input_file id="fl-e5">
         <path>C:\ti\ccsv8\tools\compiler\ti-cgt-arm_18.1.5.LTS\lib\</path>
         <kind>archive</kind>
         <file>rtsv7R4_A_be_eabi.lib</file>
         <name>autoinit.c.obj</name>
      </input_file>
      <input_file id="fl-e6">
         <path>C:\ti\ccsv8\tools\compiler\ti-cgt-arm_18.1.5.LTS\lib\</path>
         <kind>archive</kind>
         <file>rtsv7R4_A_be_eabi.lib</file>
         <name>cpy_tbl.c.obj</name>
      </input_file>
      <input_file id="fl-e7">
         <path>C:\ti\ccsv8\tools\compiler\ti-cgt-arm_18.1.5.LTS\lib\</path>
         <kind>archive</kind>
         <file>rtsv7R4_A_be_eabi.lib</file>
         <name>copy_zero_init.c.obj</name>
      </input_file>
      <input_file id="fl-e8">
         <path>C:\ti\ccsv8\tools\compiler\ti-cgt-arm_18.1.5.LTS\lib\</path>
         <kind>archive</kind>
         <file>rtsv7R4_A_be_eabi.lib</file>
         <name>copy_decompress_none.c.obj</name>
      </input_file>
      <input_file id="fl-e9">
         <path>C:\ti\ccsv8\tools\compiler\ti-cgt-arm_18.1.5.LTS\lib\</path>
         <kind>archive</kind>
         <file>rtsv7R4_A_be_eabi.lib</file>
         <name>copy_decompress_lzss.c.obj</name>
      </input_file>
      <input_file id="fl-ea">
         <path>C:\ti\ccsv8\tools\compiler\ti-cgt-arm_18.1.5.LTS\lib\</path>
         <kind>archive</kind>
         <file>rtsv7R4_A_be_eabi.lib</file>
         <name>exit.c.obj</name>
      </input_file>
      <input_file id="fl-eb">
         <path>C:\ti\ccsv8\tools\compiler\ti-cgt-arm_18.1.5.LTS\lib\</path>
         <kind>archive</kind>
         <file>rtsv7R4_A_be_eabi.lib</file>
         <name>_lock.c.obj</name>
      </input_file>
      <input_file id="fl-ec">
         <path>C:\ti\ccsv8\tools\compiler\ti-cgt-arm_18.1.5.LTS\lib\</path>
         <kind>archive</kind>
         <file>rtsv7R4_A_be_eabi.lib</file>
         <name>div0.asm.obj</name>
      </input_file>
   </input_file_list>
   <object_component_list>
      <object_component id="oc-28">
         <name>.intvecs</name>
         <load_address>0x0</load_address>
         <run_address>0x0</run_address>
         <size>0x20</size>
         <input_file_ref idref="fl-17"/>
      </object_component>
      <object_component id="oc-6d">
         <name>.text</name>
         <load_address>0x20</load_address>
         <run_address>0x20</run_address>
         <size>0x24f0</size>
         <input_file_ref idref="fl-1d"/>
      </object_component>
      <object_component id="oc-111">
         <name>.text</name>
         <load_address>0x2510</load_address>
         <run_address>0x2510</run_address>
         <size>0x10e8</size>
         <input_file_ref idref="fl-15"/>
      </object_component>
      <object_component id="oc-117">
         <name>.text</name>
         <load_address>0x35f8</load_address>
         <run_address>0x35f8</run_address>
         <size>0xd3c</size>
         <input_file_ref idref="fl-8"/>
      </object_component>
      <object_component id="oc-22d">
         <name>.text</name>
         <load_address>0x4334</load_address>
         <run_address>0x4334</run_address>
         <size>0xbb4</size>
         <input_file_ref idref="fl-6"/>
      </object_component>
      <object_component id="oc-129">
         <name>.text</name>
         <load_address>0x4ee8</load_address>
         <run_address>0x4ee8</run_address>
         <size>0xaa8</size>
         <input_file_ref idref="fl-3"/>
      </object_component>
      <object_component id="oc-67">
         <name>.text</name>
         <load_address>0x5990</load_address>
         <run_address>0x5990</run_address>
         <size>0xa64</size>
         <input_file_ref idref="fl-20"/>
      </object_component>
      <object_component id="oc-11d">
         <name>.text</name>
         <load_address>0x63f4</load_address>
         <run_address>0x63f4</run_address>
         <size>0x900</size>
         <input_file_ref idref="fl-f"/>
      </object_component>
      <object_component id="oc-37">
         <name>.text</name>
         <load_address>0x6cf4</load_address>
         <run_address>0x6cf4</run_address>
         <size>0x898</size>
         <input_file_ref idref="fl-1f"/>
      </object_component>
      <object_component id="oc-123">
         <name>.text</name>
         <load_address>0x758c</load_address>
         <run_address>0x758c</run_address>
         <size>0x6e4</size>
         <input_file_ref idref="fl-14"/>
      </object_component>
      <object_component id="oc-73">
         <name>.text</name>
         <load_address>0x7c70</load_address>
         <run_address>0x7c70</run_address>
         <size>0x5bc</size>
         <input_file_ref idref="fl-d"/>
      </object_component>
      <object_component id="oc-10b">
         <name>.text</name>
         <load_address>0x822c</load_address>
         <run_address>0x822c</run_address>
         <size>0x36c</size>
         <input_file_ref idref="fl-e"/>
      </object_component>
      <object_component id="oc-12f">
         <name>.text</name>
         <load_address>0x8598</load_address>
         <run_address>0x8598</run_address>
         <size>0x2ec</size>
         <input_file_ref idref="fl-5"/>
      </object_component>
      <object_component id="oc-62">
         <name>.text</name>
         <load_address>0x8884</load_address>
         <run_address>0x8884</run_address>
         <size>0x2d0</size>
         <input_file_ref idref="fl-16"/>
      </object_component>
      <object_component id="oc-33">
         <name>.text:retain</name>
         <load_address>0x8b54</load_address>
         <run_address>0x8b54</run_address>
         <size>0x268</size>
         <input_file_ref idref="fl-1f"/>
      </object_component>
      <object_component id="oc-21b">
         <name>.text</name>
         <load_address>0x8dbc</load_address>
         <run_address>0x8dbc</run_address>
         <size>0x214</size>
         <input_file_ref idref="fl-dd"/>
      </object_component>
      <object_component id="oc-19">
         <name>.text:retain</name>
         <load_address>0x8fd0</load_address>
         <run_address>0x8fd0</run_address>
         <size>0x208</size>
         <input_file_ref idref="fl-1e"/>
      </object_component>
      <object_component id="oc-1ff">
         <name>.text</name>
         <load_address>0x91d8</load_address>
         <run_address>0x91d8</run_address>
         <size>0x190</size>
         <input_file_ref idref="fl-df"/>
      </object_component>
      <object_component id="oc-82">
         <name>.text</name>
         <load_address>0x9368</load_address>
         <run_address>0x9368</run_address>
         <size>0x180</size>
         <input_file_ref idref="fl-11"/>
      </object_component>
      <object_component id="oc-4a">
         <name>.text</name>
         <load_address>0x94e8</load_address>
         <run_address>0x94e8</run_address>
         <size>0x180</size>
         <input_file_ref idref="fl-e3"/>
      </object_component>
      <object_component id="oc-7a">
         <name>.text</name>
         <load_address>0x9668</load_address>
         <run_address>0x9668</run_address>
         <size>0x170</size>
         <input_file_ref idref="fl-2"/>
      </object_component>
      <object_component id="oc-220">
         <name>.text:floor</name>
         <load_address>0x97d8</load_address>
         <run_address>0x97d8</run_address>
         <size>0x158</size>
         <input_file_ref idref="fl-da"/>
      </object_component>
      <object_component id="oc-c5">
         <name>.text</name>
         <load_address>0x9930</load_address>
         <run_address>0x9930</run_address>
         <size>0x154</size>
         <input_file_ref idref="fl-12"/>
      </object_component>
      <object_component id="oc-1fa">
         <name>.text</name>
         <load_address>0x9a84</load_address>
         <run_address>0x9a84</run_address>
         <size>0x128</size>
         <input_file_ref idref="fl-e0"/>
      </object_component>
      <object_component id="oc-1f">
         <name>.text:retain</name>
         <load_address>0x9bac</load_address>
         <run_address>0x9bac</run_address>
         <size>0xec</size>
         <input_file_ref idref="fl-d"/>
      </object_component>
      <object_component id="oc-91">
         <name>.text</name>
         <load_address>0x9c98</load_address>
         <run_address>0x9c98</run_address>
         <size>0xe8</size>
         <input_file_ref idref="fl-a"/>
      </object_component>
      <object_component id="oc-2c2">
         <name>.text:__aeabi_cdrcmple</name>
         <load_address>0x9d80</load_address>
         <run_address>0x9d80</run_address>
         <size>0xe0</size>
         <input_file_ref idref="fl-de"/>
      </object_component>
      <object_component id="oc-cd">
         <name>.text</name>
         <load_address>0x9e60</load_address>
         <run_address>0x9e60</run_address>
         <size>0xe0</size>
         <input_file_ref idref="fl-1c"/>
      </object_component>
      <object_component id="oc-c">
         <name>.text:decompress:lzss:__TI_decompress_lzss</name>
         <load_address>0x9f40</load_address>
         <run_address>0x9f40</run_address>
         <size>0x90</size>
         <input_file_ref idref="fl-e9"/>
      </object_component>
      <object_component id="oc-db">
         <name>.text:__TI_auto_init_nobinit_nopinit:__TI_auto_init_nobinit_nopinit</name>
         <load_address>0x9fd0</load_address>
         <run_address>0x9fd0</run_address>
         <size>0x68</size>
         <input_file_ref idref="fl-e5"/>
      </object_component>
      <object_component id="oc-204">
         <name>.text</name>
         <load_address>0xa038</load_address>
         <run_address>0xa038</run_address>
         <size>0x58</size>
         <input_file_ref idref="fl-e2"/>
      </object_component>
      <object_component id="oc-1f5">
         <name>.text</name>
         <load_address>0xa090</load_address>
         <run_address>0xa090</run_address>
         <size>0x50</size>
         <input_file_ref idref="fl-dc"/>
      </object_component>
      <object_component id="oc-209">
         <name>.text</name>
         <load_address>0xa0e0</load_address>
         <run_address>0xa0e0</run_address>
         <size>0x34</size>
         <input_file_ref idref="fl-e4"/>
      </object_component>
      <object_component id="oc-56">
         <name>.text:decompress:ZI:__TI_zero_init_nomemset:__TI_zero_init_nomemset</name>
         <load_address>0xa114</load_address>
         <run_address>0xa114</run_address>
         <size>0x20</size>
         <input_file_ref idref="fl-e7"/>
      </object_component>
      <object_component id="oc-12">
         <name>.text:decompress:none:__TI_decompress_none</name>
         <load_address>0xa134</load_address>
         <run_address>0xa134</run_address>
         <size>0x14</size>
         <input_file_ref idref="fl-e8"/>
      </object_component>
      <object_component id="oc-142">
         <name>.text:abort:abort</name>
         <load_address>0xa148</load_address>
         <run_address>0xa148</run_address>
         <size>0x8</size>
         <input_file_ref idref="fl-ea"/>
      </object_component>
      <object_component id="oc-2d">
         <name>.text:retain</name>
         <load_address>0xa150</load_address>
         <run_address>0xa150</run_address>
         <size>0x4</size>
         <input_file_ref idref="fl-1b"/>
      </object_component>
      <object_component id="oc-2b1">
         <name>.text</name>
         <load_address>0xa154</load_address>
         <run_address>0xa154</run_address>
         <size>0x4</size>
         <input_file_ref idref="fl-ec"/>
      </object_component>
      <object_component id="oc-20e">
         <name>.const:het1PROGRAM</name>
         <load_address>0xa158</load_address>
         <run_address>0xa158</run_address>
         <size>0x3a0</size>
         <input_file_ref idref="fl-f"/>
      </object_component>
      <object_component id="oc-25">
         <name>.const:s_vim_init</name>
         <load_address>0xa4f8</load_address>
         <run_address>0xa4f8</run_address>
         <size>0x180</size>
         <input_file_ref idref="fl-1f"/>
      </object_component>
      <object_component id="oc-1eb">
         <name>.const:s_canByteOrder</name>
         <load_address>0xa678</load_address>
         <run_address>0xa678</run_address>
         <size>0x20</size>
         <input_file_ref idref="fl-8"/>
      </object_component>
      <object_component id="oc-211">
         <name>.const:s_het1pwmPolarity</name>
         <load_address>0xa698</load_address>
         <run_address>0xa698</run_address>
         <size>0x20</size>
         <input_file_ref idref="fl-f"/>
      </object_component>
      <object_component id="oc-353">
         <name>.cinit..data.load</name>
         <load_address>0xa6b8</load_address>
         <run_address>0xa6b8</run_address>
         <size>0x20</size>
      </object_component>
      <object_component id="oc-350">
         <name>__TI_handler_table</name>
         <load_address>0xa6d8</load_address>
         <run_address>0xa6d8</run_address>
         <size>0xc</size>
      </object_component>
      <object_component id="oc-352">
         <name>.cinit..bss.load</name>
         <load_address>0xa6e8</load_address>
         <run_address>0xa6e8</run_address>
         <size>0x8</size>
      </object_component>
      <object_component id="oc-351">
         <name>__TI_cinit_table</name>
         <load_address>0xa6f0</load_address>
         <run_address>0xa6f0</run_address>
         <size>0x10</size>
      </object_component>
      <object_component id="oc-23f">
         <name>.bss:RFBuffer</name>
         <uninitialized>true</uninitialized>
         <run_address>0x8001500</run_address>
         <size>0x100</size>
         <input_file_ref idref="fl-5"/>
      </object_component>
      <object_component id="oc-23c">
         <name>.bss</name>
         <uninitialized>true</uninitialized>
         <run_address>0x8001778</run_address>
         <size>0x10</size>
         <input_file_ref idref="fl-5"/>
      </object_component>
      <object_component id="oc-233">
         <name>.bss:SX1276Regs</name>
         <uninitialized>true</uninitialized>
         <run_address>0x8001600</run_address>
         <size>0x70</size>
         <input_file_ref idref="fl-5"/>
      </object_component>
      <object_component id="oc-226">
         <name>.bss:g_sciTransfer_t</name>
         <uninitialized>true</uninitialized>
         <run_address>0x8001764</run_address>
         <size>0x14</size>
         <input_file_ref idref="fl-14"/>
      </object_component>
      <object_component id="oc-1e1">
         <name>.bss:g_spiPacket_t</name>
         <uninitialized>true</uninitialized>
         <run_address>0x80016dc</run_address>
         <size>0x48</size>
         <input_file_ref idref="fl-15"/>
      </object_component>
      <object_component id="oc-138">
         <name>.common:tx_data</name>
         <uninitialized>true</uninitialized>
         <run_address>0x8001744</run_address>
         <size>0x20</size>
      </object_component>
      <object_component id="oc-135">
         <name>.common:rx_data</name>
         <uninitialized>true</uninitialized>
         <run_address>0x8001724</run_address>
         <size>0x20</size>
      </object_component>
      <object_component id="oc-139">
         <name>.common:SX1276LR</name>
         <uninitialized>true</uninitialized>
         <run_address>0x8001670</run_address>
         <size>0x6b</size>
      </object_component>
      <object_component id="oc-236">
         <name>.data:LoRaSettings</name>
         <load_address>0x8001788</load_address>
         <run_address>0x8001788</run_address>
         <size>0x1c</size>
         <input_file_ref idref="fl-5"/>
      </object_component>
      <object_component id="oc-239">
         <name>.data</name>
         <load_address>0x80017a4</load_address>
         <run_address>0x80017a4</run_address>
         <size>0x8</size>
         <input_file_ref idref="fl-5"/>
      </object_component>
      <object_component id="oc-136">
         <name>.debug_info</name>
         <load_address>0x0</load_address>
         <run_address>0x0</run_address>
         <size>0x4de</size>
         <input_file_ref idref="fl-2"/>
      </object_component>
      <object_component id="oc-7b">
         <name>.debug_info</name>
         <load_address>0x4de</load_address>
         <run_address>0x4de</run_address>
         <size>0x2ea</size>
         <input_file_ref idref="fl-2"/>
      </object_component>
      <object_component id="oc-24f">
         <name>.debug_info</name>
         <load_address>0x7c8</load_address>
         <run_address>0x7c8</run_address>
         <size>0x77e</size>
         <input_file_ref idref="fl-2"/>
      </object_component>
      <object_component id="oc-152">
         <name>.debug_info</name>
         <load_address>0xf46</load_address>
         <run_address>0xf46</run_address>
         <size>0x26b</size>
         <input_file_ref idref="fl-2"/>
      </object_component>
      <object_component id="oc-89">
         <name>.debug_info</name>
         <load_address>0x11b1</load_address>
         <run_address>0x11b1</run_address>
         <size>0x157</size>
         <input_file_ref idref="fl-2"/>
      </object_component>
      <object_component id="oc-1e6">
         <name>.debug_info</name>
         <load_address>0x1308</load_address>
         <run_address>0x1308</run_address>
         <size>0x375</size>
         <input_file_ref idref="fl-2"/>
      </object_component>
      <object_component id="oc-9f">
         <name>.debug_info</name>
         <load_address>0x167d</load_address>
         <run_address>0x167d</run_address>
         <size>0x8b</size>
         <input_file_ref idref="fl-2"/>
      </object_component>
      <object_component id="oc-256">
         <name>.debug_info</name>
         <load_address>0x1708</load_address>
         <run_address>0x1708</run_address>
         <size>0x297</size>
         <input_file_ref idref="fl-2"/>
      </object_component>
      <object_component id="oc-13d">
         <name>.debug_info</name>
         <load_address>0x199f</load_address>
         <run_address>0x199f</run_address>
         <size>0xbb</size>
         <input_file_ref idref="fl-2"/>
      </object_component>
      <object_component id="oc-183">
         <name>.debug_info</name>
         <load_address>0x1a5a</load_address>
         <run_address>0x1a5a</run_address>
         <size>0x2c</size>
         <input_file_ref idref="fl-2"/>
      </object_component>
      <object_component id="oc-a4">
         <name>.debug_info</name>
         <load_address>0x1a86</load_address>
         <run_address>0x1a86</run_address>
         <size>0x86</size>
         <input_file_ref idref="fl-2"/>
      </object_component>
      <object_component id="oc-19e">
         <name>.debug_info</name>
         <load_address>0x1b0c</load_address>
         <run_address>0x1b0c</run_address>
         <size>0x437</size>
         <input_file_ref idref="fl-2"/>
      </object_component>
      <object_component id="oc-1f0">
         <name>.debug_info</name>
         <load_address>0x1f43</load_address>
         <run_address>0x1f43</run_address>
         <size>0x15f</size>
         <input_file_ref idref="fl-2"/>
      </object_component>
      <object_component id="oc-161">
         <name>.debug_info</name>
         <load_address>0x20a2</load_address>
         <run_address>0x20a2</run_address>
         <size>0x1f9</size>
         <input_file_ref idref="fl-2"/>
      </object_component>
      <object_component id="oc-29f">
         <name>.debug_info</name>
         <load_address>0x229b</load_address>
         <run_address>0x229b</run_address>
         <size>0xda</size>
         <input_file_ref idref="fl-2"/>
      </object_component>
      <object_component id="oc-1a8">
         <name>.debug_info</name>
         <load_address>0x2375</load_address>
         <run_address>0x2375</run_address>
         <size>0x3d3</size>
         <input_file_ref idref="fl-2"/>
      </object_component>
      <object_component id="oc-216">
         <name>.debug_info</name>
         <load_address>0x2748</load_address>
         <run_address>0x2748</run_address>
         <size>0x2e3</size>
         <input_file_ref idref="fl-2"/>
      </object_component>
      <object_component id="oc-245">
         <name>.debug_info</name>
         <load_address>0x2a2b</load_address>
         <run_address>0x2a2b</run_address>
         <size>0x243</size>
         <input_file_ref idref="fl-2"/>
      </object_component>
      <object_component id="oc-2d7">
         <name>.debug_info</name>
         <load_address>0x2c6e</load_address>
         <run_address>0x2c6e</run_address>
         <size>0x18e</size>
         <input_file_ref idref="fl-2"/>
      </object_component>
      <object_component id="oc-24a">
         <name>.debug_info</name>
         <load_address>0x2dfc</load_address>
         <run_address>0x2dfc</run_address>
         <size>0x26c</size>
         <input_file_ref idref="fl-2"/>
      </object_component>
      <object_component id="oc-22c">
         <name>.debug_info</name>
         <load_address>0x3068</load_address>
         <run_address>0x3068</run_address>
         <size>0x2b5</size>
         <input_file_ref idref="fl-3"/>
      </object_component>
      <object_component id="oc-12a">
         <name>.debug_info</name>
         <load_address>0x331d</load_address>
         <run_address>0x331d</run_address>
         <size>0x2818</size>
         <input_file_ref idref="fl-3"/>
      </object_component>
      <object_component id="oc-13a">
         <name>.debug_info</name>
         <load_address>0x5b35</load_address>
         <run_address>0x5b35</run_address>
         <size>0x4b3</size>
         <input_file_ref idref="fl-5"/>
      </object_component>
      <object_component id="oc-237">
         <name>.debug_info</name>
         <load_address>0x5fe8</load_address>
         <run_address>0x5fe8</run_address>
         <size>0xce</size>
         <input_file_ref idref="fl-5"/>
      </object_component>
      <object_component id="oc-240">
         <name>.debug_info</name>
         <load_address>0x60b6</load_address>
         <run_address>0x60b6</run_address>
         <size>0xc5</size>
         <input_file_ref idref="fl-5"/>
      </object_component>
      <object_component id="oc-23a">
         <name>.debug_info</name>
         <load_address>0x617b</load_address>
         <run_address>0x617b</run_address>
         <size>0x133</size>
         <input_file_ref idref="fl-5"/>
      </object_component>
      <object_component id="oc-23d">
         <name>.debug_info</name>
         <load_address>0x62ae</load_address>
         <run_address>0x62ae</run_address>
         <size>0x10d</size>
         <input_file_ref idref="fl-5"/>
      </object_component>
      <object_component id="oc-234">
         <name>.debug_info</name>
         <load_address>0x63bb</load_address>
         <run_address>0x63bb</run_address>
         <size>0xc9</size>
         <input_file_ref idref="fl-5"/>
      </object_component>
      <object_component id="oc-131">
         <name>.debug_info</name>
         <load_address>0x6484</load_address>
         <run_address>0x6484</run_address>
         <size>0xada</size>
         <input_file_ref idref="fl-5"/>
      </object_component>
      <object_component id="oc-22e">
         <name>.debug_info</name>
         <load_address>0x6f5e</load_address>
         <run_address>0x6f5e</run_address>
         <size>0x1e85</size>
         <input_file_ref idref="fl-6"/>
      </object_component>
      <object_component id="oc-17b">
         <name>.debug_info</name>
         <load_address>0x8de3</load_address>
         <run_address>0x8de3</run_address>
         <size>0x1c0</size>
         <input_file_ref idref="fl-7"/>
      </object_component>
      <object_component id="oc-18f">
         <name>.debug_info</name>
         <load_address>0x8fa3</load_address>
         <run_address>0x8fa3</run_address>
         <size>0x791</size>
         <input_file_ref idref="fl-7"/>
      </object_component>
      <object_component id="oc-9a">
         <name>.debug_info</name>
         <load_address>0x9734</load_address>
         <run_address>0x9734</run_address>
         <size>0x18c</size>
         <input_file_ref idref="fl-7"/>
      </object_component>
      <object_component id="oc-27d">
         <name>.debug_info</name>
         <load_address>0x98c0</load_address>
         <run_address>0x98c0</run_address>
         <size>0x273</size>
         <input_file_ref idref="fl-7"/>
      </object_component>
      <object_component id="oc-170">
         <name>.debug_info</name>
         <load_address>0x9b33</load_address>
         <run_address>0x9b33</run_address>
         <size>0x2cf</size>
         <input_file_ref idref="fl-7"/>
      </object_component>
      <object_component id="oc-1ef">
         <name>.debug_info</name>
         <load_address>0x9e02</load_address>
         <run_address>0x9e02</run_address>
         <size>0x1b4</size>
         <input_file_ref idref="fl-8"/>
      </object_component>
      <object_component id="oc-1ec">
         <name>.debug_info</name>
         <load_address>0x9fb6</load_address>
         <run_address>0x9fb6</run_address>
         <size>0xc7</size>
         <input_file_ref idref="fl-8"/>
      </object_component>
      <object_component id="oc-118">
         <name>.debug_info</name>
         <load_address>0xa07d</load_address>
         <run_address>0xa07d</run_address>
         <size>0x144a</size>
         <input_file_ref idref="fl-8"/>
      </object_component>
      <object_component id="oc-2f7">
         <name>.debug_info</name>
         <load_address>0xb4c7</load_address>
         <run_address>0xb4c7</run_address>
         <size>0x186</size>
         <input_file_ref idref="fl-9"/>
      </object_component>
      <object_component id="oc-26c">
         <name>.debug_info</name>
         <load_address>0xb64d</load_address>
         <run_address>0xb64d</run_address>
         <size>0x194</size>
         <input_file_ref idref="fl-9"/>
      </object_component>
      <object_component id="oc-31b">
         <name>.debug_info</name>
         <load_address>0xb7e1</load_address>
         <run_address>0xb7e1</run_address>
         <size>0x174</size>
         <input_file_ref idref="fl-9"/>
      </object_component>
      <object_component id="oc-92">
         <name>.debug_info</name>
         <load_address>0xb955</load_address>
         <run_address>0xb955</run_address>
         <size>0xe1</size>
         <input_file_ref idref="fl-a"/>
      </object_component>
      <object_component id="oc-2f8">
         <name>.debug_info</name>
         <load_address>0xba36</load_address>
         <run_address>0xba36</run_address>
         <size>0x145</size>
         <input_file_ref idref="fl-b"/>
      </object_component>
      <object_component id="oc-322">
         <name>.debug_info</name>
         <load_address>0xbb7b</load_address>
         <run_address>0xbb7b</run_address>
         <size>0x111</size>
         <input_file_ref idref="fl-b"/>
      </object_component>
      <object_component id="oc-271">
         <name>.debug_info</name>
         <load_address>0xbc8c</load_address>
         <run_address>0xbc8c</run_address>
         <size>0x116</size>
         <input_file_ref idref="fl-b"/>
      </object_component>
      <object_component id="oc-2f9">
         <name>.debug_info</name>
         <load_address>0xbda2</load_address>
         <run_address>0xbda2</run_address>
         <size>0x146</size>
         <input_file_ref idref="fl-c"/>
      </object_component>
      <object_component id="oc-329">
         <name>.debug_info</name>
         <load_address>0xbee8</load_address>
         <run_address>0xbee8</run_address>
         <size>0x669</size>
         <input_file_ref idref="fl-c"/>
      </object_component>
      <object_component id="oc-276">
         <name>.debug_info</name>
         <load_address>0xc551</load_address>
         <run_address>0xc551</run_address>
         <size>0x22e</size>
         <input_file_ref idref="fl-c"/>
      </object_component>
      <object_component id="oc-da">
         <name>.debug_info</name>
         <load_address>0xc77f</load_address>
         <run_address>0xc77f</run_address>
         <size>0x1c7</size>
         <input_file_ref idref="fl-d"/>
      </object_component>
      <object_component id="oc-74">
         <name>.debug_info</name>
         <load_address>0xc946</load_address>
         <run_address>0xc946</run_address>
         <size>0xb0a</size>
         <input_file_ref idref="fl-d"/>
      </object_component>
      <object_component id="oc-20">
         <name>.debug_info</name>
         <load_address>0xd450</load_address>
         <run_address>0xd450</run_address>
         <size>0x16a</size>
         <input_file_ref idref="fl-d"/>
      </object_component>
      <object_component id="oc-157">
         <name>.debug_info</name>
         <load_address>0xd5ba</load_address>
         <run_address>0xd5ba</run_address>
         <size>0x1de</size>
         <input_file_ref idref="fl-d"/>
      </object_component>
      <object_component id="oc-d5">
         <name>.debug_info</name>
         <load_address>0xd798</load_address>
         <run_address>0xd798</run_address>
         <size>0x129</size>
         <input_file_ref idref="fl-d"/>
      </object_component>
      <object_component id="oc-1e0">
         <name>.debug_info</name>
         <load_address>0xd8c1</load_address>
         <run_address>0xd8c1</run_address>
         <size>0x14a</size>
         <input_file_ref idref="fl-e"/>
      </object_component>
      <object_component id="oc-10c">
         <name>.debug_info</name>
         <load_address>0xda0b</load_address>
         <run_address>0xda0b</run_address>
         <size>0x6b7</size>
         <input_file_ref idref="fl-e"/>
      </object_component>
      <object_component id="oc-215">
         <name>.debug_info</name>
         <load_address>0xe0c2</load_address>
         <run_address>0xe0c2</run_address>
         <size>0x1a0</size>
         <input_file_ref idref="fl-f"/>
      </object_component>
      <object_component id="oc-212">
         <name>.debug_info</name>
         <load_address>0xe262</load_address>
         <run_address>0xe262</run_address>
         <size>0xcd</size>
         <input_file_ref idref="fl-f"/>
      </object_component>
      <object_component id="oc-20f">
         <name>.debug_info</name>
         <load_address>0xe32f</load_address>
         <run_address>0xe32f</run_address>
         <size>0xc1</size>
         <input_file_ref idref="fl-f"/>
      </object_component>
      <object_component id="oc-11e">
         <name>.debug_info</name>
         <load_address>0xe3f0</load_address>
         <run_address>0xe3f0</run_address>
         <size>0xe7b</size>
         <input_file_ref idref="fl-f"/>
      </object_component>
      <object_component id="oc-14f">
         <name>.debug_info</name>
         <load_address>0xf26b</load_address>
         <run_address>0xf26b</run_address>
         <size>0x36b</size>
         <input_file_ref idref="fl-11"/>
      </object_component>
      <object_component id="oc-83">
         <name>.debug_info</name>
         <load_address>0xf5d6</load_address>
         <run_address>0xf5d6</run_address>
         <size>0x100d</size>
         <input_file_ref idref="fl-11"/>
      </object_component>
      <object_component id="oc-194">
         <name>.debug_info</name>
         <load_address>0x105e3</load_address>
         <run_address>0x105e3</run_address>
         <size>0x4de</size>
         <input_file_ref idref="fl-11"/>
      </object_component>
      <object_component id="oc-199">
         <name>.debug_info</name>
         <load_address>0x10ac1</load_address>
         <run_address>0x10ac1</run_address>
         <size>0x3ce</size>
         <input_file_ref idref="fl-11"/>
      </object_component>
      <object_component id="oc-267">
         <name>.debug_info</name>
         <load_address>0x10e8f</load_address>
         <run_address>0x10e8f</run_address>
         <size>0x306</size>
         <input_file_ref idref="fl-11"/>
      </object_component>
      <object_component id="oc-1c9">
         <name>.debug_info</name>
         <load_address>0x11195</load_address>
         <run_address>0x11195</run_address>
         <size>0x37b</size>
         <input_file_ref idref="fl-11"/>
      </object_component>
      <object_component id="oc-1a3">
         <name>.debug_info</name>
         <load_address>0x11510</load_address>
         <run_address>0x11510</run_address>
         <size>0x1ca</size>
         <input_file_ref idref="fl-11"/>
      </object_component>
      <object_component id="oc-15c">
         <name>.debug_info</name>
         <load_address>0x116da</load_address>
         <run_address>0x116da</run_address>
         <size>0x435</size>
         <input_file_ref idref="fl-11"/>
      </object_component>
      <object_component id="oc-1bc">
         <name>.debug_info</name>
         <load_address>0x11b0f</load_address>
         <run_address>0x11b0f</run_address>
         <size>0x510</size>
         <input_file_ref idref="fl-11"/>
      </object_component>
      <object_component id="oc-1b2">
         <name>.debug_info</name>
         <load_address>0x1201f</load_address>
         <run_address>0x1201f</run_address>
         <size>0x1de</size>
         <input_file_ref idref="fl-11"/>
      </object_component>
      <object_component id="oc-1c1">
         <name>.debug_info</name>
         <load_address>0x121fd</load_address>
         <run_address>0x121fd</run_address>
         <size>0x17a</size>
         <input_file_ref idref="fl-11"/>
      </object_component>
      <object_component id="oc-166">
         <name>.debug_info</name>
         <load_address>0x12377</load_address>
         <run_address>0x12377</run_address>
         <size>0x642</size>
         <input_file_ref idref="fl-11"/>
      </object_component>
      <object_component id="oc-16b">
         <name>.debug_info</name>
         <load_address>0x129b9</load_address>
         <run_address>0x129b9</run_address>
         <size>0x13e</size>
         <input_file_ref idref="fl-11"/>
      </object_component>
      <object_component id="oc-18c">
         <name>.debug_info</name>
         <load_address>0x12af7</load_address>
         <run_address>0x12af7</run_address>
         <size>0x131</size>
         <input_file_ref idref="fl-12"/>
      </object_component>
      <object_component id="oc-c9">
         <name>.debug_info</name>
         <load_address>0x12c28</load_address>
         <run_address>0x12c28</run_address>
         <size>0x1c4</size>
         <input_file_ref idref="fl-12"/>
      </object_component>
      <object_component id="oc-1ad">
         <name>.debug_info</name>
         <load_address>0x12dec</load_address>
         <run_address>0x12dec</run_address>
         <size>0x1d8</size>
         <input_file_ref idref="fl-12"/>
      </object_component>
      <object_component id="oc-284">
         <name>.debug_info</name>
         <load_address>0x12fc4</load_address>
         <run_address>0x12fc4</run_address>
         <size>0xc6</size>
         <input_file_ref idref="fl-12"/>
      </object_component>
      <object_component id="oc-22a">
         <name>.debug_info</name>
         <load_address>0x1308a</load_address>
         <run_address>0x1308a</run_address>
         <size>0x189</size>
         <input_file_ref idref="fl-14"/>
      </object_component>
      <object_component id="oc-227">
         <name>.debug_info</name>
         <load_address>0x13213</load_address>
         <run_address>0x13213</run_address>
         <size>0xc9</size>
         <input_file_ref idref="fl-14"/>
      </object_component>
      <object_component id="oc-125">
         <name>.debug_info</name>
         <load_address>0x132dc</load_address>
         <run_address>0x132dc</run_address>
         <size>0xc1b</size>
         <input_file_ref idref="fl-14"/>
      </object_component>
      <object_component id="oc-2d2">
         <name>.debug_info</name>
         <load_address>0x13ef7</load_address>
         <run_address>0x13ef7</run_address>
         <size>0x91</size>
         <input_file_ref idref="fl-14"/>
      </object_component>
      <object_component id="oc-1e5">
         <name>.debug_info</name>
         <load_address>0x13f88</load_address>
         <run_address>0x13f88</run_address>
         <size>0x181</size>
         <input_file_ref idref="fl-15"/>
      </object_component>
      <object_component id="oc-1e2">
         <name>.debug_info</name>
         <load_address>0x14109</load_address>
         <run_address>0x14109</run_address>
         <size>0xc5</size>
         <input_file_ref idref="fl-15"/>
      </object_component>
      <object_component id="oc-112">
         <name>.debug_info</name>
         <load_address>0x141ce</load_address>
         <run_address>0x141ce</run_address>
         <size>0x10e2</size>
         <input_file_ref idref="fl-15"/>
      </object_component>
      <object_component id="oc-2a8">
         <name>.debug_info</name>
         <load_address>0x152b0</load_address>
         <run_address>0x152b0</run_address>
         <size>0xb9</size>
         <input_file_ref idref="fl-15"/>
      </object_component>
      <object_component id="oc-63">
         <name>.debug_info</name>
         <load_address>0x15369</load_address>
         <run_address>0x15369</run_address>
         <size>0x762</size>
         <input_file_ref idref="fl-16"/>
      </object_component>
      <object_component id="oc-2b">
         <name>.debug_info</name>
         <load_address>0x15acb</load_address>
         <run_address>0x15acb</run_address>
         <size>0xe9</size>
         <input_file_ref idref="fl-17"/>
      </object_component>
      <object_component id="oc-289">
         <name>.debug_info</name>
         <load_address>0x15bb4</load_address>
         <run_address>0x15bb4</run_address>
         <size>0x150</size>
         <input_file_ref idref="fl-1a"/>
      </object_component>
      <object_component id="oc-2fc">
         <name>.debug_info</name>
         <load_address>0x15d04</load_address>
         <run_address>0x15d04</run_address>
         <size>0x242</size>
         <input_file_ref idref="fl-1a"/>
      </object_component>
      <object_component id="oc-1b7">
         <name>.debug_info</name>
         <load_address>0x15f46</load_address>
         <run_address>0x15f46</run_address>
         <size>0x2af</size>
         <input_file_ref idref="fl-1a"/>
      </object_component>
      <object_component id="oc-30">
         <name>.debug_info</name>
         <load_address>0x161f5</load_address>
         <run_address>0x161f5</run_address>
         <size>0x11b</size>
         <input_file_ref idref="fl-1b"/>
      </object_component>
      <object_component id="oc-ce">
         <name>.debug_info</name>
         <load_address>0x16310</load_address>
         <run_address>0x16310</run_address>
         <size>0x348</size>
         <input_file_ref idref="fl-1c"/>
      </object_component>
      <object_component id="oc-d3">
         <name>.debug_info</name>
         <load_address>0x16658</load_address>
         <run_address>0x16658</run_address>
         <size>0x512</size>
         <input_file_ref idref="fl-1d"/>
      </object_component>
      <object_component id="oc-6e">
         <name>.debug_info</name>
         <load_address>0x16b6a</load_address>
         <run_address>0x16b6a</run_address>
         <size>0x27e0</size>
         <input_file_ref idref="fl-1d"/>
      </object_component>
      <object_component id="oc-1a">
         <name>.debug_info</name>
         <load_address>0x1934a</load_address>
         <run_address>0x1934a</run_address>
         <size>0x4cc</size>
         <input_file_ref idref="fl-1e"/>
      </object_component>
      <object_component id="oc-90">
         <name>.debug_info</name>
         <load_address>0x19816</load_address>
         <run_address>0x19816</run_address>
         <size>0x2ee</size>
         <input_file_ref idref="fl-1f"/>
      </object_component>
      <object_component id="oc-26">
         <name>.debug_info</name>
         <load_address>0x19b04</load_address>
         <run_address>0x19b04</run_address>
         <size>0xc3</size>
         <input_file_ref idref="fl-1f"/>
      </object_component>
      <object_component id="oc-38">
         <name>.debug_info</name>
         <load_address>0x19bc7</load_address>
         <run_address>0x19bc7</run_address>
         <size>0x455</size>
         <input_file_ref idref="fl-1f"/>
      </object_component>
      <object_component id="oc-34">
         <name>.debug_info</name>
         <load_address>0x1a01c</load_address>
         <run_address>0x1a01c</run_address>
         <size>0x1de</size>
         <input_file_ref idref="fl-1f"/>
      </object_component>
      <object_component id="oc-175">
         <name>.debug_info</name>
         <load_address>0x1a1fa</load_address>
         <run_address>0x1a1fa</run_address>
         <size>0x4f</size>
         <input_file_ref idref="fl-1f"/>
      </object_component>
      <object_component id="oc-cc">
         <name>.debug_info</name>
         <load_address>0x1a249</load_address>
         <run_address>0x1a249</run_address>
         <size>0x3be</size>
         <input_file_ref idref="fl-20"/>
      </object_component>
      <object_component id="oc-68">
         <name>.debug_info</name>
         <load_address>0x1a607</load_address>
         <run_address>0x1a607</run_address>
         <size>0x714</size>
         <input_file_ref idref="fl-20"/>
      </object_component>
      <object_component id="oc-2cd">
         <name>.debug_info</name>
         <load_address>0x1ad1b</load_address>
         <run_address>0x1ad1b</run_address>
         <size>0x11c</size>
         <input_file_ref idref="fl-da"/>
      </object_component>
      <object_component id="oc-222">
         <name>.debug_info</name>
         <load_address>0x1ae37</load_address>
         <run_address>0x1ae37</run_address>
         <size>0x1ee</size>
         <input_file_ref idref="fl-da"/>
      </object_component>
      <object_component id="oc-45">
         <name>.debug_info</name>
         <load_address>0x1b025</load_address>
         <run_address>0x1b025</run_address>
         <size>0x84</size>
         <input_file_ref idref="fl-da"/>
      </object_component>
      <object_component id="oc-30f">
         <name>.debug_info</name>
         <load_address>0x1b0a9</load_address>
         <run_address>0x1b0a9</run_address>
         <size>0x46</size>
         <input_file_ref idref="fl-da"/>
      </object_component>
      <object_component id="oc-2c8">
         <name>.debug_info</name>
         <load_address>0x1b0ef</load_address>
         <run_address>0x1b0ef</run_address>
         <size>0x39</size>
         <input_file_ref idref="fl-da"/>
      </object_component>
      <object_component id="oc-1f7">
         <name>.debug_info</name>
         <load_address>0x1b128</load_address>
         <run_address>0x1b128</run_address>
         <size>0x119</size>
         <input_file_ref idref="fl-dc"/>
      </object_component>
      <object_component id="oc-21c">
         <name>.debug_info</name>
         <load_address>0x1b241</load_address>
         <run_address>0x1b241</run_address>
         <size>0x12b</size>
         <input_file_ref idref="fl-dd"/>
      </object_component>
      <object_component id="oc-2c3">
         <name>.debug_info</name>
         <load_address>0x1b36c</load_address>
         <run_address>0x1b36c</run_address>
         <size>0xf4</size>
         <input_file_ref idref="fl-de"/>
      </object_component>
      <object_component id="oc-201">
         <name>.debug_info</name>
         <load_address>0x1b460</load_address>
         <run_address>0x1b460</run_address>
         <size>0x110</size>
         <input_file_ref idref="fl-df"/>
      </object_component>
      <object_component id="oc-1fc">
         <name>.debug_info</name>
         <load_address>0x1b570</load_address>
         <run_address>0x1b570</run_address>
         <size>0x110</size>
         <input_file_ref idref="fl-e0"/>
      </object_component>
      <object_component id="oc-205">
         <name>.debug_info</name>
         <load_address>0x1b680</load_address>
         <run_address>0x1b680</run_address>
         <size>0x109</size>
         <input_file_ref idref="fl-e2"/>
      </object_component>
      <object_component id="oc-4c">
         <name>.debug_info</name>
         <load_address>0x1b789</load_address>
         <run_address>0x1b789</run_address>
         <size>0x14c</size>
         <input_file_ref idref="fl-e3"/>
      </object_component>
      <object_component id="oc-20c">
         <name>.debug_info</name>
         <load_address>0x1b8d5</load_address>
         <run_address>0x1b8d5</run_address>
         <size>0xf5</size>
         <input_file_ref idref="fl-e4"/>
      </object_component>
      <object_component id="oc-1d1">
         <name>.debug_info</name>
         <load_address>0x1b9ca</load_address>
         <run_address>0x1b9ca</run_address>
         <size>0x3e9</size>
         <input_file_ref idref="fl-e5"/>
      </object_component>
      <object_component id="oc-dc">
         <name>.debug_info</name>
         <load_address>0x1bdb3</load_address>
         <run_address>0x1bdb3</run_address>
         <size>0x16b</size>
         <input_file_ref idref="fl-e5"/>
      </object_component>
      <object_component id="oc-28c">
         <name>.debug_info</name>
         <load_address>0x1bf1e</load_address>
         <run_address>0x1bf1e</run_address>
         <size>0x39</size>
         <input_file_ref idref="fl-e5"/>
      </object_component>
      <object_component id="oc-301">
         <name>.debug_info</name>
         <load_address>0x1bf57</load_address>
         <run_address>0x1bf57</run_address>
         <size>0x39</size>
         <input_file_ref idref="fl-e5"/>
      </object_component>
      <object_component id="oc-291">
         <name>.debug_info</name>
         <load_address>0x1bf90</load_address>
         <run_address>0x1bf90</run_address>
         <size>0x39</size>
         <input_file_ref idref="fl-e5"/>
      </object_component>
      <object_component id="oc-296">
         <name>.debug_info</name>
         <load_address>0x1bfc9</load_address>
         <run_address>0x1bfc9</run_address>
         <size>0xcd</size>
         <input_file_ref idref="fl-e5"/>
      </object_component>
      <object_component id="oc-bd">
         <name>.debug_info</name>
         <load_address>0x1c096</load_address>
         <run_address>0x1c096</run_address>
         <size>0x1b0</size>
         <input_file_ref idref="fl-e7"/>
      </object_component>
      <object_component id="oc-57">
         <name>.debug_info</name>
         <load_address>0x1c246</load_address>
         <run_address>0x1c246</run_address>
         <size>0x184</size>
         <input_file_ref idref="fl-e7"/>
      </object_component>
      <object_component id="oc-b8">
         <name>.debug_info</name>
         <load_address>0x1c3ca</load_address>
         <run_address>0x1c3ca</run_address>
         <size>0x46</size>
         <input_file_ref idref="fl-e7"/>
      </object_component>
      <object_component id="oc-55">
         <name>.debug_info</name>
         <load_address>0x1c410</load_address>
         <run_address>0x1c410</run_address>
         <size>0x13a</size>
         <input_file_ref idref="fl-e8"/>
      </object_component>
      <object_component id="oc-16">
         <name>.debug_info</name>
         <load_address>0x1c54a</load_address>
         <run_address>0x1c54a</run_address>
         <size>0x19a</size>
         <input_file_ref idref="fl-e8"/>
      </object_component>
      <object_component id="oc-50">
         <name>.debug_info</name>
         <load_address>0x1c6e4</load_address>
         <run_address>0x1c6e4</run_address>
         <size>0x46</size>
         <input_file_ref idref="fl-e8"/>
      </object_component>
      <object_component id="oc-b0">
         <name>.debug_info</name>
         <load_address>0x1c72a</load_address>
         <run_address>0x1c72a</run_address>
         <size>0x2c</size>
         <input_file_ref idref="fl-e8"/>
      </object_component>
      <object_component id="oc-ae">
         <name>.debug_info</name>
         <load_address>0x1c756</load_address>
         <run_address>0x1c756</run_address>
         <size>0x135</size>
         <input_file_ref idref="fl-e9"/>
      </object_component>
      <object_component id="oc-d">
         <name>.debug_info</name>
         <load_address>0x1c88b</load_address>
         <run_address>0x1c88b</run_address>
         <size>0x215</size>
         <input_file_ref idref="fl-e9"/>
      </object_component>
      <object_component id="oc-40">
         <name>.debug_info</name>
         <load_address>0x1caa0</load_address>
         <run_address>0x1caa0</run_address>
         <size>0x60</size>
         <input_file_ref idref="fl-e9"/>
      </object_component>
      <object_component id="oc-17c">
         <name>.debug_info</name>
         <load_address>0x1cb00</load_address>
         <run_address>0x1cb00</run_address>
         <size>0x46</size>
         <input_file_ref idref="fl-e9"/>
      </object_component>
      <object_component id="oc-a9">
         <name>.debug_info</name>
         <load_address>0x1cb46</load_address>
         <run_address>0x1cb46</run_address>
         <size>0x39</size>
         <input_file_ref idref="fl-e9"/>
      </object_component>
      <object_component id="oc-144">
         <name>.debug_info</name>
         <load_address>0x1cb7f</load_address>
         <run_address>0x1cb7f</run_address>
         <size>0xe7</size>
         <input_file_ref idref="fl-ea"/>
      </object_component>
      <object_component id="oc-2b2">
         <name>.debug_info</name>
         <load_address>0x1cc66</load_address>
         <run_address>0x1cc66</run_address>
         <size>0xdd</size>
         <input_file_ref idref="fl-ec"/>
      </object_component>
      <object_component id="oc-354">
         <name>.debug_info</name>
         <load_address>0x1cd43</load_address>
         <run_address>0x1cd43</run_address>
         <size>0x88</size>
      </object_component>
      <object_component id="oc-244">
         <name>.debug_line</name>
         <load_address>0x0</load_address>
         <run_address>0x0</run_address>
         <size>0x159</size>
         <input_file_ref idref="fl-2"/>
      </object_component>
      <object_component id="oc-7e">
         <name>.debug_line</name>
         <load_address>0x159</load_address>
         <run_address>0x159</run_address>
         <size>0x97</size>
         <input_file_ref idref="fl-2"/>
      </object_component>
      <object_component id="oc-252">
         <name>.debug_line</name>
         <load_address>0x1f0</load_address>
         <run_address>0x1f0</run_address>
         <size>0x4e</size>
         <input_file_ref idref="fl-2"/>
      </object_component>
      <object_component id="oc-155">
         <name>.debug_line</name>
         <load_address>0x23e</load_address>
         <run_address>0x23e</run_address>
         <size>0x69</size>
         <input_file_ref idref="fl-2"/>
      </object_component>
      <object_component id="oc-8c">
         <name>.debug_line</name>
         <load_address>0x2a7</load_address>
         <run_address>0x2a7</run_address>
         <size>0x4e</size>
         <input_file_ref idref="fl-2"/>
      </object_component>
      <object_component id="oc-1e9">
         <name>.debug_line</name>
         <load_address>0x2f5</load_address>
         <run_address>0x2f5</run_address>
         <size>0x45</size>
         <input_file_ref idref="fl-2"/>
      </object_component>
      <object_component id="oc-a2">
         <name>.debug_line</name>
         <load_address>0x33a</load_address>
         <run_address>0x33a</run_address>
         <size>0x20</size>
         <input_file_ref idref="fl-2"/>
      </object_component>
      <object_component id="oc-259">
         <name>.debug_line</name>
         <load_address>0x35a</load_address>
         <run_address>0x35a</run_address>
         <size>0x6d</size>
         <input_file_ref idref="fl-2"/>
      </object_component>
      <object_component id="oc-140">
         <name>.debug_line</name>
         <load_address>0x3c7</load_address>
         <run_address>0x3c7</run_address>
         <size>0x6a</size>
         <input_file_ref idref="fl-2"/>
      </object_component>
      <object_component id="oc-186">
         <name>.debug_line</name>
         <load_address>0x431</load_address>
         <run_address>0x431</run_address>
         <size>0x65</size>
         <input_file_ref idref="fl-2"/>
      </object_component>
      <object_component id="oc-a7">
         <name>.debug_line</name>
         <load_address>0x496</load_address>
         <run_address>0x496</run_address>
         <size>0x4c</size>
         <input_file_ref idref="fl-2"/>
      </object_component>
      <object_component id="oc-1a1">
         <name>.debug_line</name>
         <load_address>0x4e2</load_address>
         <run_address>0x4e2</run_address>
         <size>0x49</size>
         <input_file_ref idref="fl-2"/>
      </object_component>
      <object_component id="oc-1f3">
         <name>.debug_line</name>
         <load_address>0x52b</load_address>
         <run_address>0x52b</run_address>
         <size>0x45</size>
         <input_file_ref idref="fl-2"/>
      </object_component>
      <object_component id="oc-164">
         <name>.debug_line</name>
         <load_address>0x570</load_address>
         <run_address>0x570</run_address>
         <size>0x49</size>
         <input_file_ref idref="fl-2"/>
      </object_component>
      <object_component id="oc-2a2">
         <name>.debug_line</name>
         <load_address>0x5b9</load_address>
         <run_address>0x5b9</run_address>
         <size>0x45</size>
         <input_file_ref idref="fl-2"/>
      </object_component>
      <object_component id="oc-1ab">
         <name>.debug_line</name>
         <load_address>0x5fe</load_address>
         <run_address>0x5fe</run_address>
         <size>0x49</size>
         <input_file_ref idref="fl-2"/>
      </object_component>
      <object_component id="oc-219">
         <name>.debug_line</name>
         <load_address>0x647</load_address>
         <run_address>0x647</run_address>
         <size>0x45</size>
         <input_file_ref idref="fl-2"/>
      </object_component>
      <object_component id="oc-248">
         <name>.debug_line</name>
         <load_address>0x68c</load_address>
         <run_address>0x68c</run_address>
         <size>0x49</size>
         <input_file_ref idref="fl-2"/>
      </object_component>
      <object_component id="oc-2da">
         <name>.debug_line</name>
         <load_address>0x6d5</load_address>
         <run_address>0x6d5</run_address>
         <size>0x45</size>
         <input_file_ref idref="fl-2"/>
      </object_component>
      <object_component id="oc-24d">
         <name>.debug_line</name>
         <load_address>0x71a</load_address>
         <run_address>0x71a</run_address>
         <size>0x49</size>
         <input_file_ref idref="fl-2"/>
      </object_component>
      <object_component id="oc-2dd">
         <name>.debug_line</name>
         <load_address>0x763</load_address>
         <run_address>0x763</run_address>
         <size>0x6a</size>
         <input_file_ref idref="fl-3"/>
      </object_component>
      <object_component id="oc-12d">
         <name>.debug_line</name>
         <load_address>0x7cd</load_address>
         <run_address>0x7cd</run_address>
         <size>0x5af</size>
         <input_file_ref idref="fl-3"/>
      </object_component>
      <object_component id="oc-255">
         <name>.debug_line</name>
         <load_address>0xd7c</load_address>
         <run_address>0xd7c</run_address>
         <size>0xa3</size>
         <input_file_ref idref="fl-5"/>
      </object_component>
      <object_component id="oc-2e2">
         <name>.debug_line</name>
         <load_address>0xe1f</load_address>
         <run_address>0xe1f</run_address>
         <size>0x3d</size>
         <input_file_ref idref="fl-5"/>
      </object_component>
      <object_component id="oc-2e8">
         <name>.debug_line</name>
         <load_address>0xe5c</load_address>
         <run_address>0xe5c</run_address>
         <size>0x3d</size>
         <input_file_ref idref="fl-5"/>
      </object_component>
      <object_component id="oc-2e4">
         <name>.debug_line</name>
         <load_address>0xe99</load_address>
         <run_address>0xe99</run_address>
         <size>0x3d</size>
         <input_file_ref idref="fl-5"/>
      </object_component>
      <object_component id="oc-2e6">
         <name>.debug_line</name>
         <load_address>0xed6</load_address>
         <run_address>0xed6</run_address>
         <size>0x3d</size>
         <input_file_ref idref="fl-5"/>
      </object_component>
      <object_component id="oc-2e0">
         <name>.debug_line</name>
         <load_address>0xf13</load_address>
         <run_address>0xf13</run_address>
         <size>0x3d</size>
         <input_file_ref idref="fl-5"/>
      </object_component>
      <object_component id="oc-130">
         <name>.debug_line</name>
         <load_address>0xf50</load_address>
         <run_address>0xf50</run_address>
         <size>0x1d7</size>
         <input_file_ref idref="fl-5"/>
      </object_component>
      <object_component id="oc-231">
         <name>.debug_line</name>
         <load_address>0x1127</load_address>
         <run_address>0x1127</run_address>
         <size>0x568</size>
         <input_file_ref idref="fl-6"/>
      </object_component>
      <object_component id="oc-27c">
         <name>.debug_line</name>
         <load_address>0x168f</load_address>
         <run_address>0x168f</run_address>
         <size>0x20</size>
         <input_file_ref idref="fl-7"/>
      </object_component>
      <object_component id="oc-192">
         <name>.debug_line</name>
         <load_address>0x16af</load_address>
         <run_address>0x16af</run_address>
         <size>0x49</size>
         <input_file_ref idref="fl-7"/>
      </object_component>
      <object_component id="oc-9d">
         <name>.debug_line</name>
         <load_address>0x16f8</load_address>
         <run_address>0x16f8</run_address>
         <size>0x49</size>
         <input_file_ref idref="fl-7"/>
      </object_component>
      <object_component id="oc-280">
         <name>.debug_line</name>
         <load_address>0x1741</load_address>
         <run_address>0x1741</run_address>
         <size>0x45</size>
         <input_file_ref idref="fl-7"/>
      </object_component>
      <object_component id="oc-173">
         <name>.debug_line</name>
         <load_address>0x1786</load_address>
         <run_address>0x1786</run_address>
         <size>0x49</size>
         <input_file_ref idref="fl-7"/>
      </object_component>
      <object_component id="oc-2b0">
         <name>.debug_line</name>
         <load_address>0x17cf</load_address>
         <run_address>0x17cf</run_address>
         <size>0x20</size>
         <input_file_ref idref="fl-8"/>
      </object_component>
      <object_component id="oc-2ae">
         <name>.debug_line</name>
         <load_address>0x17ef</load_address>
         <run_address>0x17ef</run_address>
         <size>0x33</size>
         <input_file_ref idref="fl-8"/>
      </object_component>
      <object_component id="oc-11b">
         <name>.debug_line</name>
         <load_address>0x1822</load_address>
         <run_address>0x1822</run_address>
         <size>0x430</size>
         <input_file_ref idref="fl-8"/>
      </object_component>
      <object_component id="oc-31a">
         <name>.debug_line</name>
         <load_address>0x1c52</load_address>
         <run_address>0x1c52</run_address>
         <size>0x20</size>
         <input_file_ref idref="fl-9"/>
      </object_component>
      <object_component id="oc-26f">
         <name>.debug_line</name>
         <load_address>0x1c72</load_address>
         <run_address>0x1c72</run_address>
         <size>0x49</size>
         <input_file_ref idref="fl-9"/>
      </object_component>
      <object_component id="oc-31e">
         <name>.debug_line</name>
         <load_address>0x1cbb</load_address>
         <run_address>0x1cbb</run_address>
         <size>0x45</size>
         <input_file_ref idref="fl-9"/>
      </object_component>
      <object_component id="oc-95">
         <name>.debug_line</name>
         <load_address>0x1d00</load_address>
         <run_address>0x1d00</run_address>
         <size>0x78</size>
         <input_file_ref idref="fl-a"/>
      </object_component>
      <object_component id="oc-321">
         <name>.debug_line</name>
         <load_address>0x1d78</load_address>
         <run_address>0x1d78</run_address>
         <size>0x20</size>
         <input_file_ref idref="fl-b"/>
      </object_component>
      <object_component id="oc-325">
         <name>.debug_line</name>
         <load_address>0x1d98</load_address>
         <run_address>0x1d98</run_address>
         <size>0x45</size>
         <input_file_ref idref="fl-b"/>
      </object_component>
      <object_component id="oc-274">
         <name>.debug_line</name>
         <load_address>0x1ddd</load_address>
         <run_address>0x1ddd</run_address>
         <size>0x49</size>
         <input_file_ref idref="fl-b"/>
      </object_component>
      <object_component id="oc-328">
         <name>.debug_line</name>
         <load_address>0x1e26</load_address>
         <run_address>0x1e26</run_address>
         <size>0x20</size>
         <input_file_ref idref="fl-c"/>
      </object_component>
      <object_component id="oc-32c">
         <name>.debug_line</name>
         <load_address>0x1e46</load_address>
         <run_address>0x1e46</run_address>
         <size>0x46</size>
         <input_file_ref idref="fl-c"/>
      </object_component>
      <object_component id="oc-279">
         <name>.debug_line</name>
         <load_address>0x1e8c</load_address>
         <run_address>0x1e8c</run_address>
         <size>0x4a</size>
         <input_file_ref idref="fl-c"/>
      </object_component>
      <object_component id="oc-1cf">
         <name>.debug_line</name>
         <load_address>0x1ed6</load_address>
         <run_address>0x1ed6</run_address>
         <size>0x45</size>
         <input_file_ref idref="fl-d"/>
      </object_component>
      <object_component id="oc-78">
         <name>.debug_line</name>
         <load_address>0x1f1b</load_address>
         <run_address>0x1f1b</run_address>
         <size>0x289</size>
         <input_file_ref idref="fl-d"/>
      </object_component>
      <object_component id="oc-24">
         <name>.debug_line</name>
         <load_address>0x21a4</load_address>
         <run_address>0x21a4</run_address>
         <size>0x6e</size>
         <input_file_ref idref="fl-d"/>
      </object_component>
      <object_component id="oc-15a">
         <name>.debug_line</name>
         <load_address>0x2212</load_address>
         <run_address>0x2212</run_address>
         <size>0x49</size>
         <input_file_ref idref="fl-d"/>
      </object_component>
      <object_component id="oc-d8">
         <name>.debug_line</name>
         <load_address>0x225b</load_address>
         <run_address>0x225b</run_address>
         <size>0x45</size>
         <input_file_ref idref="fl-d"/>
      </object_component>
      <object_component id="oc-29e">
         <name>.debug_line</name>
         <load_address>0x22a0</load_address>
         <run_address>0x22a0</run_address>
         <size>0x20</size>
         <input_file_ref idref="fl-e"/>
      </object_component>
      <object_component id="oc-10f">
         <name>.debug_line</name>
         <load_address>0x22c0</load_address>
         <run_address>0x22c0</run_address>
         <size>0x17f</size>
         <input_file_ref idref="fl-e"/>
      </object_component>
      <object_component id="oc-2c0">
         <name>.debug_line</name>
         <load_address>0x243f</load_address>
         <run_address>0x243f</run_address>
         <size>0x20</size>
         <input_file_ref idref="fl-f"/>
      </object_component>
      <object_component id="oc-2be">
         <name>.debug_line</name>
         <load_address>0x245f</load_address>
         <run_address>0x245f</run_address>
         <size>0x33</size>
         <input_file_ref idref="fl-f"/>
      </object_component>
      <object_component id="oc-2bc">
         <name>.debug_line</name>
         <load_address>0x2492</load_address>
         <run_address>0x2492</run_address>
         <size>0x33</size>
         <input_file_ref idref="fl-f"/>
      </object_component>
      <object_component id="oc-122">
         <name>.debug_line</name>
         <load_address>0x24c5</load_address>
         <run_address>0x24c5</run_address>
         <size>0x2a4</size>
         <input_file_ref idref="fl-f"/>
      </object_component>
      <object_component id="oc-266">
         <name>.debug_line</name>
         <load_address>0x2769</load_address>
         <run_address>0x2769</run_address>
         <size>0x20</size>
         <input_file_ref idref="fl-11"/>
      </object_component>
      <object_component id="oc-86">
         <name>.debug_line</name>
         <load_address>0x2789</load_address>
         <run_address>0x2789</run_address>
         <size>0x1db</size>
         <input_file_ref idref="fl-11"/>
      </object_component>
      <object_component id="oc-197">
         <name>.debug_line</name>
         <load_address>0x2964</load_address>
         <run_address>0x2964</run_address>
         <size>0x4c</size>
         <input_file_ref idref="fl-11"/>
      </object_component>
      <object_component id="oc-19c">
         <name>.debug_line</name>
         <load_address>0x29b0</load_address>
         <run_address>0x29b0</run_address>
         <size>0x49</size>
         <input_file_ref idref="fl-11"/>
      </object_component>
      <object_component id="oc-26a">
         <name>.debug_line</name>
         <load_address>0x29f9</load_address>
         <run_address>0x29f9</run_address>
         <size>0x49</size>
         <input_file_ref idref="fl-11"/>
      </object_component>
      <object_component id="oc-1cc">
         <name>.debug_line</name>
         <load_address>0x2a42</load_address>
         <run_address>0x2a42</run_address>
         <size>0x4e</size>
         <input_file_ref idref="fl-11"/>
      </object_component>
      <object_component id="oc-1a6">
         <name>.debug_line</name>
         <load_address>0x2a90</load_address>
         <run_address>0x2a90</run_address>
         <size>0x49</size>
         <input_file_ref idref="fl-11"/>
      </object_component>
      <object_component id="oc-15f">
         <name>.debug_line</name>
         <load_address>0x2ad9</load_address>
         <run_address>0x2ad9</run_address>
         <size>0x4b</size>
         <input_file_ref idref="fl-11"/>
      </object_component>
      <object_component id="oc-1bf">
         <name>.debug_line</name>
         <load_address>0x2b24</load_address>
         <run_address>0x2b24</run_address>
         <size>0x48</size>
         <input_file_ref idref="fl-11"/>
      </object_component>
      <object_component id="oc-1b5">
         <name>.debug_line</name>
         <load_address>0x2b6c</load_address>
         <run_address>0x2b6c</run_address>
         <size>0x4b</size>
         <input_file_ref idref="fl-11"/>
      </object_component>
      <object_component id="oc-1c4">
         <name>.debug_line</name>
         <load_address>0x2bb7</load_address>
         <run_address>0x2bb7</run_address>
         <size>0x49</size>
         <input_file_ref idref="fl-11"/>
      </object_component>
      <object_component id="oc-169">
         <name>.debug_line</name>
         <load_address>0x2c00</load_address>
         <run_address>0x2c00</run_address>
         <size>0x4c</size>
         <input_file_ref idref="fl-11"/>
      </object_component>
      <object_component id="oc-16e">
         <name>.debug_line</name>
         <load_address>0x2c4c</load_address>
         <run_address>0x2c4c</run_address>
         <size>0x4b</size>
         <input_file_ref idref="fl-11"/>
      </object_component>
      <object_component id="oc-283">
         <name>.debug_line</name>
         <load_address>0x2c97</load_address>
         <run_address>0x2c97</run_address>
         <size>0x20</size>
         <input_file_ref idref="fl-12"/>
      </object_component>
      <object_component id="oc-c8">
         <name>.debug_line</name>
         <load_address>0x2cb7</load_address>
         <run_address>0x2cb7</run_address>
         <size>0x81</size>
         <input_file_ref idref="fl-12"/>
      </object_component>
      <object_component id="oc-1b0">
         <name>.debug_line</name>
         <load_address>0x2d38</load_address>
         <run_address>0x2d38</run_address>
         <size>0x4c</size>
         <input_file_ref idref="fl-12"/>
      </object_component>
      <object_component id="oc-287">
         <name>.debug_line</name>
         <load_address>0x2d84</load_address>
         <run_address>0x2d84</run_address>
         <size>0x48</size>
         <input_file_ref idref="fl-12"/>
      </object_component>
      <object_component id="oc-2d1">
         <name>.debug_line</name>
         <load_address>0x2dcc</load_address>
         <run_address>0x2dcc</run_address>
         <size>0x63</size>
         <input_file_ref idref="fl-14"/>
      </object_component>
      <object_component id="oc-2cf">
         <name>.debug_line</name>
         <load_address>0x2e2f</load_address>
         <run_address>0x2e2f</run_address>
         <size>0x33</size>
         <input_file_ref idref="fl-14"/>
      </object_component>
      <object_component id="oc-127">
         <name>.debug_line</name>
         <load_address>0x2e62</load_address>
         <run_address>0x2e62</run_address>
         <size>0x2ab</size>
         <input_file_ref idref="fl-14"/>
      </object_component>
      <object_component id="oc-2d5">
         <name>.debug_line</name>
         <load_address>0x310d</load_address>
         <run_address>0x310d</run_address>
         <size>0x33</size>
         <input_file_ref idref="fl-14"/>
      </object_component>
      <object_component id="oc-2a7">
         <name>.debug_line</name>
         <load_address>0x3140</load_address>
         <run_address>0x3140</run_address>
         <size>0x20</size>
         <input_file_ref idref="fl-15"/>
      </object_component>
      <object_component id="oc-2a5">
         <name>.debug_line</name>
         <load_address>0x3160</load_address>
         <run_address>0x3160</run_address>
         <size>0x33</size>
         <input_file_ref idref="fl-15"/>
      </object_component>
      <object_component id="oc-115">
         <name>.debug_line</name>
         <load_address>0x3193</load_address>
         <run_address>0x3193</run_address>
         <size>0x38c</size>
         <input_file_ref idref="fl-15"/>
      </object_component>
      <object_component id="oc-2ab">
         <name>.debug_line</name>
         <load_address>0x351f</load_address>
[...]
         <value>0x8884</value>
         <object_component_ref idref="oc-62"/>
      </symbol>
      <symbol id="sm-5c0">
         <name>_coreClearInstructionFaultAddress_</name>
         <value>0x8a60</value>
         <object_component_ref idref="oc-62"/>
      </symbol>
      <symbol id="sm-5c1">
         <name>_errata_CORTEXR4_66_</name>
         <value>0x8b3c</value>
         <object_component_ref idref="oc-62"/>
      </symbol>
      <symbol id="sm-5c2">
         <name>_coreEnableRamEcc_</name>
         <value>0x89c8</value>
         <object_component_ref idref="oc-62"/>
      </symbol>
      <symbol id="sm-5c3">
         <name>_coreClearDataFault_</name>
         <value>0x8a24</value>
         <object_component_ref idref="oc-62"/>
      </symbol>
      <symbol id="sm-5c4">
         <name>_coreGetAuxiliaryDataFault_</name>
         <value>0x8a6c</value>
         <object_component_ref idref="oc-62"/>
      </symbol>
      <symbol id="sm-5c5">
         <name>_enable_interrupt_</name>
         <value>0x8aac</value>
         <object_component_ref idref="oc-62"/>
      </symbol>
      <symbol id="sm-5c6">
         <name>_coreClearAuxiliaryInstructionFault_</name>
         <value>0x8a88</value>
         <object_component_ref idref="oc-62"/>
      </symbol>
      <symbol id="sm-5c7">
         <name>_coreDisableRamEcc_</name>
         <value>0x89d8</value>
         <object_component_ref idref="oc-62"/>
      </symbol>
      <symbol id="sm-5c8">
         <name>_coreGetDataFaultAddress_</name>
         <value>0x8a44</value>
         <object_component_ref idref="oc-62"/>
      </symbol>
      <symbol id="sm-5c9">
         <name>_coreClearInstructionFault_</name>
         <value>0x8a38</value>
         <object_component_ref idref="oc-62"/>
      </symbol>
      <symbol id="sm-5ca">
         <name>_getCPSRValue_</name>
         <value>0x8988</value>
         <object_component_ref idref="oc-62"/>
      </symbol>
      <symbol id="sm-5cb">
         <name>__TI_PINIT_Limit</name>
         <value>0x8b50</value>
         <object_component_ref idref="oc-62"/>
      </symbol>
      <symbol id="sm-5cc">
         <name>_coreEnableFlashEcc_</name>
         <value>0x89e8</value>
         <object_component_ref idref="oc-62"/>
      </symbol>
      <symbol id="sm-5cd">
         <name>_disable_FIQ_interrupt_</name>
         <value>0x8a9c</value>
         <object_component_ref idref="oc-62"/>
      </symbol>
      <symbol id="sm-5ce">
         <name>_coreGetAuxiliaryInstructionFault_</name>
         <value>0x8a80</value>
         <object_component_ref idref="oc-62"/>
      </symbol>
      <symbol id="sm-5cf">
         <name>_coreInitStackPointer_</name>
         <value>0x893c</value>
         <object_component_ref idref="oc-62"/>
      </symbol>
      <symbol id="sm-5d0">
         <name>_esmCcmErrorsClear_</name>
         <value>0x8ab4</value>
         <object_component_ref idref="oc-62"/>
      </symbol>
      <symbol id="sm-5d1">
         <name>_gotoCPUIdle_</name>
         <value>0x8990</value>
         <object_component_ref idref="oc-62"/>
      </symbol>
      <symbol id="sm-5d2">
         <name>_coreEnableIrqVicOffset_</name>
         <value>0x8a0c</value>
         <object_component_ref idref="oc-62"/>
      </symbol>
      <symbol id="sm-5d3">
         <name>_coreGetInstructionFault_</name>
         <value>0x8a30</value>
         <object_component_ref idref="oc-62"/>
      </symbol>
      <symbol id="sm-5d4">
         <name>_coreClearAuxiliaryDataFault_</name>
         <value>0x8a74</value>
         <object_component_ref idref="oc-62"/>
      </symbol>
      <symbol id="sm-5d5">
         <name>_coreEnableEventBusExport_</name>
         <value>0x89a8</value>
         <object_component_ref idref="oc-62"/>
      </symbol>
      <symbol id="sm-5e1">
         <name>resetEntry</name>
         <value>0x0</value>
         <object_component_ref idref="oc-28"/>
      </symbol>
      <symbol id="sm-5fb">
         <name>phantomInterrupt</name>
         <value>0xa150</value>
         <object_component_ref idref="oc-2d"/>
      </symbol>
      <symbol id="sm-604">
         <name>_pmuResetCounters_</name>
         <value>0x9eec</value>
         <object_component_ref idref="oc-cd"/>
      </symbol>
      <symbol id="sm-605">
         <name>_pmuGetEventCount_</name>
         <value>0x9f20</value>
         <object_component_ref idref="oc-cd"/>
      </symbol>
      <symbol id="sm-606">
         <name>_pmuResetEventCounters_</name>
         <value>0x9edc</value>
         <object_component_ref idref="oc-cd"/>
      </symbol>
      <symbol id="sm-607">
         <name>_pmuStopCounters_</name>
         <value>0x9f04</value>
         <object_component_ref idref="oc-cd"/>
      </symbol>
      <symbol id="sm-608">
         <name>_pmuInit_</name>
         <value>0x9e60</value>
         <object_component_ref idref="oc-cd"/>
      </symbol>
      <symbol id="sm-609">
         <name>_pmuGetOverflow_</name>
         <value>0x9f2c</value>
         <object_component_ref idref="oc-cd"/>
      </symbol>
      <symbol id="sm-60a">
         <name>_pmuResetCycleCounter_</name>
         <value>0x9ecc</value>
         <object_component_ref idref="oc-cd"/>
      </symbol>
      <symbol id="sm-60b">
         <name>_pmuSetCountEvent_</name>
         <value>0x9f0c</value>
         <object_component_ref idref="oc-cd"/>
      </symbol>
      <symbol id="sm-60c">
         <name>_pmuGetCycleCount_</name>
         <value>0x9f18</value>
         <object_component_ref idref="oc-cd"/>
      </symbol>
      <symbol id="sm-60d">
         <name>_pmuEnableCountersGlobal_</name>
         <value>0x9eac</value>
         <object_component_ref idref="oc-cd"/>
      </symbol>
      <symbol id="sm-60e">
         <name>_pmuDisableCountersGlobal_</name>
         <value>0x9ebc</value>
         <object_component_ref idref="oc-cd"/>
      </symbol>
      <symbol id="sm-60f">
         <name>_pmuStartCounters_</name>
         <value>0x9efc</value>
         <object_component_ref idref="oc-cd"/>
      </symbol>
      <symbol id="sm-773">
         <name>pbistSelfCheck</name>
         <value>0x2cc</value>
         <object_component_ref idref="oc-6d"/>
      </symbol>
      <symbol id="sm-774">
         <name>fmcBus1ParityCheck</name>
         <value>0x1c00</value>
         <object_component_ref idref="oc-6d"/>
      </symbol>
      <symbol id="sm-775">
         <name>can1ParityCheck</name>
         <value>0x10bc</value>
         <object_component_ref idref="oc-6d"/>
      </symbol>
      <symbol id="sm-776">
         <name>enableParity</name>
         <value>0x23d0</value>
         <object_component_ref idref="oc-6d"/>
      </symbol>
      <symbol id="sm-777">
         <name>custom_dabort</name>
         <value>0xdf4</value>
         <object_component_ref idref="oc-6d"/>
      </symbol>
      <symbol id="sm-778">
         <name>memoryInit</name>
         <value>0x174</value>
         <object_component_ref idref="oc-6d"/>
      </symbol>
      <symbol id="sm-779">
         <name>stcSelfCheck</name>
         <value>0x1b8</value>
         <object_component_ref idref="oc-6d"/>
      </symbol>
      <symbol id="sm-77a">
         <name>efcGetConfigValue</name>
         <value>0x1f98</value>
         <object_component_ref idref="oc-6d"/>
      </symbol>
      <symbol id="sm-77b">
         <name>can2ParityCheck</name>
         <value>0x1198</value>
         <object_component_ref idref="oc-6d"/>
      </symbol>
      <symbol id="sm-77c">
         <name>het1ParityCheck</name>
         <value>0xeac</value>
         <object_component_ref idref="oc-6d"/>
      </symbol>
      <symbol id="sm-77d">
         <name>adc1ParityCheck</name>
         <value>0x1004</value>
         <object_component_ref idref="oc-6d"/>
      </symbol>
      <symbol id="sm-77e">
         <name>checkefcSelfTest</name>
         <value>0x7bc</value>
         <object_component_ref idref="oc-6d"/>
      </symbol>
      <symbol id="sm-77f">
         <name>checkRAMECC</name>
         <value>0x13bc</value>
         <object_component_ref idref="oc-6d"/>
      </symbol>
      <symbol id="sm-780">
         <name>stcSelfCheckFail</name>
         <value>0xdf8</value>
         <object_component_ref idref="oc-6d"/>
      </symbol>
      <symbol id="sm-781">
         <name>ccmSelfCheck</name>
         <value>0x30</value>
         <object_component_ref idref="oc-6d"/>
      </symbol>
      <symbol id="sm-782">
         <name>efcCheck</name>
         <value>0x660</value>
         <object_component_ref idref="oc-6d"/>
      </symbol>
      <symbol id="sm-783">
         <name>cpuSelfTest</name>
         <value>0x234</value>
         <object_component_ref idref="oc-6d"/>
      </symbol>
      <symbol id="sm-784">
         <name>htu1ParityCheck</name>
         <value>0xf4c</value>
         <object_component_ref idref="oc-6d"/>
      </symbol>
      <symbol id="sm-785">
         <name>checkFlashECC</name>
         <value>0xd18</value>
         <object_component_ref idref="oc-6d"/>
      </symbol>
      <symbol id="sm-786">
         <name>cpuSelfTestFail</name>
         <value>0xdfc</value>
         <object_component_ref idref="oc-6d"/>
      </symbol>
      <symbol id="sm-787">
         <name>checkPLL1Slip</name>
         <value>0x1880</value>
         <object_component_ref idref="oc-6d"/>
      </symbol>
      <symbol id="sm-788">
         <name>mibspi1ParityCheck</name>
         <value>0x1260</value>
         <object_component_ref idref="oc-6d"/>
      </symbol>
      <symbol id="sm-789">
         <name>ccmr4GetConfigValue</name>
         <value>0x2034</value>
         <object_component_ref idref="oc-6d"/>
      </symbol>
      <symbol id="sm-78a">
         <name>pbistPortTestStatus</name>
         <value>0x608</value>
         <object_component_ref idref="oc-6d"/>
      </symbol>
      <symbol id="sm-78b">
         <name>checkFlashEEPROMECC</name>
         <value>0x16d8</value>
         <object_component_ref idref="oc-6d"/>
      </symbol>
      <symbol id="sm-78c">
         <name>pbistGetConfigValue</name>
         <value>0x1db0</value>
         <object_component_ref idref="oc-6d"/>
      </symbol>
      <symbol id="sm-78d">
         <name>vimParityCheck</name>
         <value>0xe00</value>
         <object_component_ref idref="oc-6d"/>
      </symbol>
      <symbol id="sm-78e">
         <name>pbistIsTestCompleted</name>
         <value>0x5a8</value>
         <object_component_ref idref="oc-6d"/>
      </symbol>
      <symbol id="sm-78f">
         <name>disableParity</name>
         <value>0x2424</value>
         <object_component_ref idref="oc-6d"/>
      </symbol>
      <symbol id="sm-790">
         <name>pbistRun</name>
         <value>0x4ac</value>
         <object_component_ref idref="oc-6d"/>
      </symbol>
      <symbol id="sm-791">
         <name>pbistFail</name>
         <value>0x1d2c</value>
         <object_component_ref idref="oc-6d"/>
      </symbol>
      <symbol id="sm-792">
         <name>selftestFailNotification</name>
         <value>0x20</value>
         <object_component_ref idref="oc-6d"/>
      </symbol>
      <symbol id="sm-793">
         <name>errata_PBIST_4</name>
         <value>0x20b0</value>
         <object_component_ref idref="oc-6d"/>
      </symbol>
      <symbol id="sm-794">
         <name>efcSelfTest</name>
         <value>0x794</value>
         <object_component_ref idref="oc-6d"/>
      </symbol>
      <symbol id="sm-795">
         <name>checkB1RAMECC</name>
         <value>0xb28</value>
         <object_component_ref idref="oc-6d"/>
      </symbol>
      <symbol id="sm-796">
         <name>pbistStop</name>
         <value>0x578</value>
         <object_component_ref idref="oc-6d"/>
      </symbol>
      <symbol id="sm-797">
         <name>checkRAMAddrParity</name>
         <value>0x199c</value>
         <object_component_ref idref="oc-6d"/>
      </symbol>
      <symbol id="sm-798">
         <name>checkB0RAMECC</name>
         <value>0x938</value>
         <object_component_ref idref="oc-6d"/>
      </symbol>
      <symbol id="sm-799">
         <name>stcGetConfigValue</name>
         <value>0x1ef8</value>
         <object_component_ref idref="oc-6d"/>
      </symbol>
      <symbol id="sm-79a">
         <name>pbistIsTestPassed</name>
         <value>0x5d4</value>
         <object_component_ref idref="oc-6d"/>
      </symbol>
      <symbol id="sm-79b">
         <name>checkClockMonitor</name>
         <value>0x1604</value>
         <object_component_ref idref="oc-6d"/>
      </symbol>
      <symbol id="sm-79c">
         <name>fmcECCcheck</name>
         <value>0x898</value>
         <object_component_ref idref="oc-6d"/>
      </symbol>
      <symbol id="sm-79d">
         <name>fmcBus2Check</name>
         <value>0x85c</value>
         <object_component_ref idref="oc-6d"/>
      </symbol>
      <symbol id="sm-79e">
         <name>checkRAMUERRTest</name>
         <value>0x1aa4</value>
         <object_component_ref idref="oc-6d"/>
      </symbol>
      <symbol id="sm-79f">
         <name>efcStuckZeroTest</name>
         <value>0x6e8</value>
         <object_component_ref idref="oc-6d"/>
      </symbol>
      <symbol id="sm-7be">
         <name>_c_int00</name>
         <value>0x8fd0</value>
         <object_component_ref idref="oc-19"/>
      </symbol>
      <symbol id="sm-855">
         <name>vimChannelMap</name>
         <value>0x6dc8</value>
         <object_component_ref idref="oc-37"/>
      </symbol>
      <symbol id="sm-856">
         <name>vimInit</name>
         <value>0x6cf4</value>
         <object_component_ref idref="oc-37"/>
      </symbol>
      <symbol id="sm-857">
         <name>vimEnableInterrupt</name>
         <value>0x6e6c</value>
         <object_component_ref idref="oc-37"/>
      </symbol>
      <symbol id="sm-858">
         <name>vimDisableInterrupt</name>
         <value>0x6fc4</value>
         <object_component_ref idref="oc-37"/>
      </symbol>
      <symbol id="sm-859">
         <name>vimGetConfigValue</name>
         <value>0x7048</value>
         <object_component_ref idref="oc-37"/>
      </symbol>
      <symbol id="sm-85a">
         <name>vimParityErrorHandler</name>
         <value>0x8b54</value>
         <object_component_ref idref="oc-33"/>
      </symbol>
      <symbol id="sm-8ad">
         <name>systemGetConfigValue</name>
         <value>0x5c9c</value>
         <object_component_ref idref="oc-67"/>
      </symbol>
      <symbol id="sm-8ae">
         <name>trimLPO</name>
         <value>0x59e0</value>
         <object_component_ref idref="oc-67"/>
      </symbol>
      <symbol id="sm-8af">
         <name>systemInit</name>
         <value>0x5ba0</value>
         <object_component_ref idref="oc-67"/>
      </symbol>
      <symbol id="sm-8b0">
         <name>tcmflashGetConfigValue</name>
         <value>0x605c</value>
         <object_component_ref idref="oc-67"/>
      </symbol>
      <symbol id="sm-8b1">
         <name>sramGetConfigValue</name>
         <value>0x6208</value>
         <object_component_ref idref="oc-67"/>
      </symbol>
      <symbol id="sm-8b2">
         <name>periphInit</name>
         <value>0x5a68</value>
         <object_component_ref idref="oc-67"/>
      </symbol>
      <symbol id="sm-8b3">
         <name>setupFlash</name>
         <value>0x5a28</value>
         <object_component_ref idref="oc-67"/>
      </symbol>
      <symbol id="sm-8b4">
         <name>setupPLL</name>
         <value>0x5990</value>
         <object_component_ref idref="oc-67"/>
      </symbol>
      <symbol id="sm-8b5">
         <name>mapClocks</name>
         <value>0x5abc</value>
         <object_component_ref idref="oc-67"/>
      </symbol>
      <symbol id="sm-8b6">
         <name>systemPowerDown</name>
         <value>0x5c6c</value>
         <object_component_ref idref="oc-67"/>
      </symbol>
      <symbol id="sm-8e0">
         <name>floorl</name>
         <value>0x97d8</value>
         <object_component_ref idref="oc-220"/>
      </symbol>
      <symbol id="sm-8e1">
         <name>floor</name>
         <value>0x97d8</value>
         <object_component_ref idref="oc-220"/>
      </symbol>
      <symbol id="sm-8ee">
         <name>__aeabi_uidivmod</name>
         <value>0xa090</value>
         <object_component_ref idref="oc-1f5"/>
      </symbol>
      <symbol id="sm-8ef">
         <name>__aeabi_uidiv</name>
         <value>0xa090</value>
         <object_component_ref idref="oc-1f5"/>
      </symbol>
      <symbol id="sm-906">
         <name>__aeabi_dsub</name>
         <value>0x8dbc</value>
         <object_component_ref idref="oc-21b"/>
      </symbol>
      <symbol id="sm-907">
         <name>__aeabi_dadd</name>
         <value>0x8dc8</value>
         <object_component_ref idref="oc-21b"/>
      </symbol>
      <symbol id="sm-919">
         <name>__aeabi_cdrcmple</name>
         <value>0x9d80</value>
         <object_component_ref idref="oc-2c2"/>
      </symbol>
      <symbol id="sm-92d">
         <name>__aeabi_ddiv</name>
         <value>0x91d8</value>
         <object_component_ref idref="oc-1ff"/>
      </symbol>
      <symbol id="sm-938">
         <name>__aeabi_dmul</name>
         <value>0x9a84</value>
         <object_component_ref idref="oc-1fa"/>
      </symbol>
      <symbol id="sm-943">
         <name>__aeabi_d2uiz</name>
         <value>0xa038</value>
         <object_component_ref idref="oc-204"/>
      </symbol>
      <symbol id="sm-95c">
         <name>memcpy</name>
         <value>0x94e8</value>
         <object_component_ref idref="oc-4a"/>
      </symbol>
      <symbol id="sm-95d">
         <name>__aeabi_memcpy</name>
         <value>0x94e8</value>
         <object_component_ref idref="oc-4a"/>
      </symbol>
      <symbol id="sm-95e">
         <name>__aeabi_memcpy8</name>
         <value>0x94e8</value>
         <object_component_ref idref="oc-4a"/>
      </symbol>
      <symbol id="sm-95f">
         <name>__aeabi_memcpy4</name>
         <value>0x94e8</value>
         <object_component_ref idref="oc-4a"/>
      </symbol>
      <symbol id="sm-969">
         <name>__aeabi_ui2d</name>
         <value>0xa0e0</value>
         <object_component_ref idref="oc-209"/>
      </symbol>
      <symbol id="sm-991">
         <name>__TI_auto_init_nobinit_nopinit</name>
         <value>0x9fd0</value>
         <object_component_ref idref="oc-db"/>
      </symbol>
      <symbol id="sm-9a5">
         <name>__TI_zero_init_nomemset</name>
         <value>0xa114</value>
         <object_component_ref idref="oc-56"/>
      </symbol>
      <symbol id="sm-9bc">
         <name>__TI_decompress_none</name>
         <value>0xa134</value>
         <object_component_ref idref="oc-12"/>
      </symbol>
      <symbol id="sm-9df">
         <name>__TI_decompress_lzss</name>
         <value>0x9f40</value>
         <object_component_ref idref="oc-c"/>
      </symbol>
      <symbol id="sm-9ea">
         <name>C$$EXIT</name>
         <value>0xa148</value>
         <object_component_ref idref="oc-142"/>
      </symbol>
      <symbol id="sm-9eb">
         <name>abort</name>
         <value>0xa148</value>
         <object_component_ref idref="oc-142"/>
      </symbol>
      <symbol id="sm-9f6">
         <name>__aeabi_idiv0</name>
         <value>0xa154</value>
         <object_component_ref idref="oc-2b1"/>
      </symbol>
      <symbol id="sm-9f7">
         <name>__aeabi_ldiv0</name>
         <value>0xa154</value>
         <object_component_ref idref="oc-2b1"/>
      </symbol>
      <symbol id="sm-9f8">
         <name>__TI_static_base__</name>
         <value>0x0</value>
      </symbol>
      <symbol id="sm-9fb">
         <name>SHT$$INIT_ARRAY$$Base</name>
         <value>0x0</value>
      </symbol>
      <symbol id="sm-9fc">
         <name>SHT$$INIT_ARRAY$$Limit</name>
         <value>0x0</value>
      </symbol>
      <symbol id="sm-9fd">
         <name>_system_post_cinit</name>
         <value>0x0</value>
      </symbol>
   </symbol_table>
   <title>Link successful</title>
</link_info>
