******************************************************************************
                  TI ARM Linker PC v20.2.6                     
******************************************************************************
>> Linked Wed Jun 15 09:59:06 2022

OUTPUT FILE NAME:   <tms570ls1224_sx1301.out>
ENTRY POINT SYMBOL: "_c_int00"  address: 00010894


MEMORY CONFIGURATION

         name            origin    length      used     unused   attr    fill
----------------------  --------  ---------  --------  --------  ----  --------
  VECTORS               00000000   00000020  00000010  00000010     X
  FLASH0                00008020   00137fe0  00009344  0012ec9c  R  X
  STACKS                08000000   00000800  00000000  00000800  RW  
  RAM                   08000800   0002f800  000000a0  0002f760  RW  


SEGMENT ALLOCATION MAP

run origin  load origin   length   init length attrs members
----------  ----------- ---------- ----------- ----- -------
00000000    00000000    00000010   00000010    r-x
  00000000    00000000    00000010   00000010    r-x .intvecs
00008020    00008020    00009344   00009344    r-x
  00008020    00008020    00009130   00009130    r-x .text
  00011150    00011150    00000200   00000200    r-- .const
  00011350    00011350    00000014   00000014    r-- .cinit
08000800    08000800    000000a0   00000000    rw-
  08000800    08000800    000000a0   00000000    rw- .bss


SECTION ALLOCATION MAP

 output                                  attributes/
section   page    origin      length       input sections
--------  ----  ----------  ----------   ----------------
.intvecs   0    00000000    00000010     
                  00000000    00000010     sys_intvecs.obj (.intvecs)

.text      0    00008020    00009130     
                  00008020    00002cdc     sys_selftest.obj (.text)
                  0000acfc    00001514     spi.obj (.text)
                  0000c210    00000b70     system.obj (.text)
                  0000cd80    00000a58     sys_vim.obj (.text)
                  0000d7d8    00000a34     sci.obj (.text)
                  0000e20c    000008bc     pinmux.obj (.text)
                  0000eac8    00000664     errata_SSWF021_45.obj (.text)
                  0000f12c    000005bc     esm.obj (.text)
                  0000f6e8    00000484     gio.obj (.text)
                  0000fb6c    000003d8     sci.obj (.text:retain)
                  0000ff44    0000034c     sys_core.obj (.text)
                  00010290    00000338     can.obj (.text:retain)
                  000105c8    000002cc     sys_vim.obj (.text:retain)
                  00010894    00000288     sys_startup.obj (.text:retain)
                  00010b1c    000001a8     notification.obj (.text)
                  00010cc4    00000114     esm.obj (.text:retain)
                  00010dd8    000000e0     rtsv7R4_T_be_v3D16_eabi.lib : s_floor.c.obj (.text:floor)
                  00010eb8    000000e0     sys_pmu.obj (.text)
                  00010f98    000000b4     main.obj (.text)
                  0001104c    00000098     gio.obj (.text:retain)
                  000110e4    00000044     rtsv7R4_T_be_v3D16_eabi.lib : autoinit.c.obj (.text:__TI_auto_init_nobinit_nopinit:__TI_auto_init_nobinit_nopinit)
                  00011128    0000001c                                 : copy_zero_init.c.obj (.text:decompress:ZI:__TI_zero_init_nomemset:__TI_zero_init_nomemset)
                  00011144    00000004                                 : exit.c.obj (.text:abort:abort)
                  00011148    00000004     sys_phantom.obj (.text:retain)
                  0001114c    00000004     sys_startup.obj (.text)

.const     0    00011150    00000200     
                  00011150    00000200     sys_vim.obj (.const:s_vim_init)

.cinit     0    00011350    00000014     
                  00011350    00000008     (.cinit..bss.load) [load image, compression = zero_init]
                  00011358    00000004     (__TI_handler_table)
                  0001135c    00000008     (__TI_cinit_table)

.bss       0    08000800    000000a0     UNINITIALIZED
                  08000800    00000078     spi.obj (.bss:g_spiPacket_t)
                  08000878    00000028     sci.obj (.bss:g_sciTransfer_t)

__llvm_prf_cnts 
*          0    08000800    00000000     UNINITIALIZED

MODULE SUMMARY

       Module                  code    ro data   rw data
       ------                  ----    -------   -------
    .\
       main.obj                180     0         0      
    +--+-----------------------+-------+---------+---------+
       Total:                  180     0         0      
                                                        
    .\source\
       sys_selftest.obj        11484   0         0      
       spi.obj                 5396    0         120    
       sys_vim.obj             3364    512       0      
       sci.obj                 3596    0         40     
       system.obj              2928    0         0      
       pinmux.obj              2236    0         0      
       esm.obj                 1744    0         0      
       errata_SSWF021_45.obj   1636    0         0      
       gio.obj                 1308    0         0      
       sys_core.obj            844     0         0      
       can.obj                 824     0         0      
       sys_startup.obj         652     0         0      
       notification.obj        424     0         0      
       sys_pmu.obj             224     0         0      
       sys_intvecs.obj         16      0         0      
       sys_phantom.obj         4       0         0      
    +--+-----------------------+-------+---------+---------+
       Total:                  36680   512       160    
                                                        
    C:/ti/ccs1100/ccs/tools/compiler/ti-cgt-arm_20.2.6.LTS/lib/rtsv7R4_T_be_v3D16_eabi.lib
       s_floor.c.obj           224     0         0      
       autoinit.c.obj          68      0         0      
       copy_zero_init.c.obj    28      0         0      
       exit.c.obj              4       0         0      
    +--+-----------------------+-------+---------+---------+
       Total:                  324     0         0      
                                                        
       Linker Generated:       0       20        0      
    +--+-----------------------+-------+---------+---------+
       Grand Total:            37184   532       160    


LINKER GENERATED COPY TABLES

__TI_cinit_table @ 0001135c records: 1, size/record: 8, table size: 8
	.bss: load addr=00011350, load size=00000008 bytes, run addr=08000800, run size=000000a0 bytes, compression=zero_init


LINKER GENERATED HANDLER TABLE

__TI_handler_table @ 00011358 records: 1, size/record: 4, table size: 4
	index: 0, handler: __TI_zero_init


GLOBAL SYMBOLS: SORTED ALPHABETICALLY BY Name 

address   name                                
-------   ----                                
00011145  C$$EXIT                             
00010f98  Delay                               
UNDEFED   SHT$$INIT_ARRAY$$Base               
UNDEFED   SHT$$INIT_ARRAY$$Limit              
0000b910  SpiRxStatus                         
0000b884  SpiTxStatus                         
0001135c  __TI_CINIT_Base                     
00011364  __TI_CINIT_Limit                    
00011358  __TI_Handler_Table_Base             
0001135c  __TI_Handler_Table_Limit            
00010288  __TI_PINIT_Base                     
0001028c  __TI_PINIT_Limit                    
000110e5  __TI_auto_init_nobinit_nopinit      
ffffffff  __TI_pprof_out_hndl                 
ffffffff  __TI_prof_data_size                 
ffffffff  __TI_prof_data_start                
00000000  __TI_static_base__                  
00011129  __TI_zero_init_nomemset             
ffffffff  __binit__                           
ffffffff  __c_args__                          
08000800  __start___llvm_prf_cnts             
08000800  __stop___llvm_prf_cnts              
00010894  _c_int00                            
000101a0  _coreClearAuxiliaryDataFault_       
000101b4  _coreClearAuxiliaryInstructionFault_
00010178  _coreClearDataFaultAddress_         
00010150  _coreClearDataFault_                
0001018c  _coreClearInstructionFaultAddress_  
00010164  _coreClearInstructionFault_         
000100e4  _coreDisableEventBusExport_         
00010128  _coreDisableFlashEcc_               
00010104  _coreDisableRamEcc_                 
000100d4  _coreEnableEventBusExport_          
00010114  _coreEnableFlashEcc_                
00010138  _coreEnableIrqVicOffset_            
000100f4  _coreEnableRamEcc_                  
000100bc  _coreEnableVfp_                     
00010198  _coreGetAuxiliaryDataFault_         
000101ac  _coreGetAuxiliaryInstructionFault_  
00010170  _coreGetDataFaultAddress_           
00010148  _coreGetDataFault_                  
00010184  _coreGetInstructionFaultAddress_    
0001015c  _coreGetInstructionFault_           
0000ff44  _coreInitRegisters_                 
00010050  _coreInitStackPointer_              
000101c8  _disable_FIQ_interrupt_             
000101d0  _disable_IRQ_interrupt_             
000101c0  _disable_interrupt_                 
000101d8  _enable_interrupt_                  
00010268  _errata_CORTEXR4_57_                
00010278  _errata_CORTEXR4_66_                
0000eac8  _errata_SSWF021_45_both_plls        
0000ecbc  _errata_SSWF021_45_pll1             
0000ee34  _errata_SSWF021_45_pll2             
000101e0  _esmCcmErrorsClear_                 
0001009c  _getCPSRValue_                      
000100a4  _gotoCPUIdle_                       
00010f14  _pmuDisableCountersGlobal_          
00010f04  _pmuEnableCountersGlobal_           
00010f70  _pmuGetCycleCount_                  
00010f78  _pmuGetEventCount_                  
00010f84  _pmuGetOverflow_                    
00010eb8  _pmuInit_                           
00010f44  _pmuResetCounters_                  
00010f24  _pmuResetCycleCounter_              
00010f34  _pmuResetEventCounters_             
00010f64  _pmuSetCountEvent_                  
00010f54  _pmuStartCounters_                  
00010f5c  _pmuStopCounters_                   
UNDEFED   _system_post_cinit                  
00011145  abort                               
0000926c  adc1ParityCheck                     
00009358  adc2ParityCheck                     
00010b74  adcNotification                     
ffffffff  binit                               
00010290  can1HighLevelInterrupt              
00010378  can1LowLevelInterrupt               
00009410  can1ParityCheck                     
00010414  can2HighLevelInterrupt              
000104fc  can2LowLevelInterrupt               
000094e8  can2ParityCheck                     
000095b0  can3ParityCheck                     
00010b88  canErrorNotification                
00010bb0  canMessageNotification              
00010b9c  canStatusChangeNotification         
00008030  ccmSelfCheck                        
0000a6fc  ccmr4GetConfigValue                 
00008938  checkB0RAMECC                       
00008b28  checkB1RAMECC                       
00009c18  checkClockMonitor                   
00008d18  checkFlashECC                       
00009cf4  checkFlashEEPROMECC                 
00009e8c  checkPLL1Slip                       
00009f8c  checkPLL2Slip                       
0000a050  checkRAMAddrParity                  
000099d0  checkRAMECC                         
0000a15c  checkRAMUERRTest                    
000087bc  checkefcSelfTest                    
00008234  cpuSelfTest                         
00008dfc  cpuSelfTestFail                     
0000cc9c  customTrimLPO                       
00008df4  custom_dabort                       
00010bc4  dccNotification                     
0000ab58  disableParity                       
00010cb0  dmaGroupANotification               
00008eac  dmaParityCheck                      
00010c9c  ecapNotification                    
00010c3c  edgeNotification                    
00008660  efcCheck                            
0000a660  efcGetConfigValue                   
00008794  efcSelfTest                         
000086e8  efcStuckZeroTest                    
0000aad0  enableParity                        
00010c88  eqepNotification                    
0000a76c  errata_PBIST_4                      
0000f2b0  esmActivateNormalOperation          
0000f384  esmClearStatus                      
0000f3c4  esmClearStatusBuffer                
0000f278  esmDisableError                     
0000f2e8  esmDisableInterrupt                 
0000f250  esmEnableError                      
0000f2c0  esmEnableInterrupt                  
0000f4bc  esmEnterSelfTest                    
0000f234  esmError                            
0000f594  esmGetConfigValue                   
0000f400  esmGetStatus                        
0000f484  esmGetStatusBuffer                  
00010b1c  esmGroup1Notification               
00010b2c  esmGroup2Notification               
00010cc4  esmHighInterrupt                    
0000f12c  esmInit                             
0000f544  esmSelfTestStatus                   
0000f3e0  esmSetCounterPreloadValue           
0000f310  esmSetInterruptLevel                
0000f2a0  esmTriggerErrorPinReset             
00010c64  etpwmNotification                   
00010c74  etpwmTripNotification               
00010dd9  floor                               
00010dd9  floorl                              
0000a2c4  fmcBus1ParityCheck                  
0000885c  fmcBus2Check                        
00008898  fmcECCcheck                         
0000f948  gioDisableNotification              
0000f8e0  gioEnableNotification               
0000f848  gioGetBit                           
0000f9b0  gioGetConfigValue                   
0000f870  gioGetPort                          
0001104c  gioHighLevelInterrupt               
0000f6e8  gioInit                             
00010bd8  gioNotification                     
0000f7d8  gioSetBit                           
0000f7b8  gioSetDirection                     
0000f828  gioSetPort                          
0000f888  gioToggleBit                        
0001114c  handlePLLLockFail                   
00008f58  het1ParityCheck                     
000090c0  het2ParityCheck                     
00010c50  hetNotification                     
00009004  htu1ParityCheck                     
000091bc  htu2ParityCheck                     
00011008  main                                
0000c378  mapClocks                           
00008174  memoryInit                          
00010b3c  memoryPort0TestFailNotification     
00010b58  memoryPort1TestFailNotification     
00009684  mibspi1ParityCheck                  
0000978c  mibspi3ParityCheck                  
000098b0  mibspi5ParityCheck                  
0000e20c  muxInit                             
0000a3ec  pbistFail                           
0000a470  pbistGetConfigValue                 
000085a8  pbistIsTestCompleted                
000085d4  pbistIsTestPassed                   
00008608  pbistPortTestStatus                 
000084ac  pbistRun                            
000082cc  pbistSelfCheck                      
00008578  pbistStop                           
0000c324  periphInit                          
00011148  phantomInterrupt                    
0000e6a8  pinmuxGetConfigValue                
00010c24  pwmNotification                     
00000000  resetEntry                          
0000dd88  sciDisableLoopback                  
0000de14  sciDisableNotification              
0000dd54  sciEnableLoopback                   
0000ddac  sciEnableNotification               
0000de7c  sciEnterResetState                  
0000de9c  sciExitResetState                   
0000debc  sciGetConfigValue                   
0000fb6c  sciHighLevelInterrupt               
0000d7d8  sciInit                             
0000dc04  sciIsIdleDetected                   
0000dbe8  sciIsRxReady                        
0000da68  sciIsTxReady                        
0000fd3c  sciLowLevelInterrupt                
00010bec  sciNotification                     
0000dc7c  sciReceive                          
0000dc50  sciReceiveByte                      
0000dc20  sciRxError                          
0000dab4  sciSend                             
0000da84  sciSendByte                         
0000d9cc  sciSetBaudrate                      
0000d9ac  sciSetFunctional                    
0000e014  scilinGetConfigValue                
00008020  selftestFailNotification            
0000c2e4  setupFlash                          
0000c210  setupPLL                            
0000ba48  spi1GetConfigValue                  
0000bbfc  spi3GetConfigValue                  
0000be18  spi4GetConfigValue                  
0000c038  spi5GetConfigValue                  
0000b9d0  spiDisableLoopback                  
0000ba1c  spiDisableNotification              
0000b99c  spiEnableLoopback                   
0000b9ec  spiEnableNotification               
00010c14  spiEndNotification                  
0000b2ec  spiGetData                          
0000acfc  spiInit                             
00010c00  spiNotification                     
0000b1d0  spiReceiveData                      
0000b744  spiSendAndGetData                   
0000b510  spiSendData                         
0000b1b0  spiSetFunctional                    
0000b608  spiTransmitAndReceiveData           
0000b3e4  spiTransmitData                     
0000cb60  sramGetConfigValue                  
0000a5bc  stcGetConfigValue                   
000081b8  stcSelfCheck                        
00008df8  stcSelfCheckFail                    
0000c5a0  systemGetConfigValue                
0000c4a4  systemInit                          
0000c570  systemPowerDown                     
0000c9b4  tcmflashGetConfigValue              
0000c270  trimLPO                             
0000ce54  vimChannelMap                       
0000d0c0  vimDisableInterrupt                 
0000cef8  vimEnableInterrupt                  
0000d16c  vimGetConfigValue                   
0000cd80  vimInit                             
00008e00  vimParityCheck                      
000105c8  vimParityErrorHandler               


GLOBAL SYMBOLS: SORTED BY Symbol Address 

address   name                                
-------   ----                                
00000000  __TI_static_base__                  
00000000  resetEntry                          
00008020  selftestFailNotification            
00008030  ccmSelfCheck                        
00008174  memoryInit                          
000081b8  stcSelfCheck                        
00008234  cpuSelfTest                         
000082cc  pbistSelfCheck                      
000084ac  pbistRun                            
00008578  pbistStop                           
000085a8  pbistIsTestCompleted                
000085d4  pbistIsTestPassed                   
00008608  pbistPortTestStatus                 
00008660  efcCheck                            
000086e8  efcStuckZeroTest                    
00008794  efcSelfTest                         
000087bc  checkefcSelfTest                    
0000885c  fmcBus2Check                        
00008898  fmcECCcheck                         
00008938  checkB0RAMECC                       
00008b28  checkB1RAMECC                       
00008d18  checkFlashECC                       
00008df4  custom_dabort                       
00008df8  stcSelfCheckFail                    
00008dfc  cpuSelfTestFail                     
00008e00  vimParityCheck                      
00008eac  dmaParityCheck                      
00008f58  het1ParityCheck                     
00009004  htu1ParityCheck                     
000090c0  het2ParityCheck                     
000091bc  htu2ParityCheck                     
0000926c  adc1ParityCheck                     
00009358  adc2ParityCheck                     
00009410  can1ParityCheck                     
000094e8  can2ParityCheck                     
000095b0  can3ParityCheck                     
00009684  mibspi1ParityCheck                  
0000978c  mibspi3ParityCheck                  
000098b0  mibspi5ParityCheck                  
000099d0  checkRAMECC                         
00009c18  checkClockMonitor                   
00009cf4  checkFlashEEPROMECC                 
00009e8c  checkPLL1Slip                       
00009f8c  checkPLL2Slip                       
0000a050  checkRAMAddrParity                  
0000a15c  checkRAMUERRTest                    
0000a2c4  fmcBus1ParityCheck                  
0000a3ec  pbistFail                           
0000a470  pbistGetConfigValue                 
0000a5bc  stcGetConfigValue                   
0000a660  efcGetConfigValue                   
0000a6fc  ccmr4GetConfigValue                 
0000a76c  errata_PBIST_4                      
0000aad0  enableParity                        
0000ab58  disableParity                       
0000acfc  spiInit                             
0000b1b0  spiSetFunctional                    
0000b1d0  spiReceiveData                      
0000b2ec  spiGetData                          
0000b3e4  spiTransmitData                     
0000b510  spiSendData                         
0000b608  spiTransmitAndReceiveData           
0000b744  spiSendAndGetData                   
0000b884  SpiTxStatus                         
0000b910  SpiRxStatus                         
0000b99c  spiEnableLoopback                   
0000b9d0  spiDisableLoopback                  
0000b9ec  spiEnableNotification               
0000ba1c  spiDisableNotification              
0000ba48  spi1GetConfigValue                  
0000bbfc  spi3GetConfigValue                  
0000be18  spi4GetConfigValue                  
0000c038  spi5GetConfigValue                  
0000c210  setupPLL                            
0000c270  trimLPO                             
0000c2e4  setupFlash                          
0000c324  periphInit                          
0000c378  mapClocks                           
0000c4a4  systemInit                          
0000c570  systemPowerDown                     
0000c5a0  systemGetConfigValue                
0000c9b4  tcmflashGetConfigValue              
0000cb60  sramGetConfigValue                  
0000cc9c  customTrimLPO                       
0000cd80  vimInit                             
0000ce54  vimChannelMap                       
0000cef8  vimEnableInterrupt                  
0000d0c0  vimDisableInterrupt                 
0000d16c  vimGetConfigValue                   
0000d7d8  sciInit                             
0000d9ac  sciSetFunctional                    
0000d9cc  sciSetBaudrate                      
0000da68  sciIsTxReady                        
0000da84  sciSendByte                         
0000dab4  sciSend                             
0000dbe8  sciIsRxReady                        
0000dc04  sciIsIdleDetected                   
0000dc20  sciRxError                          
0000dc50  sciReceiveByte                      
0000dc7c  sciReceive                          
0000dd54  sciEnableLoopback                   
0000dd88  sciDisableLoopback                  
0000ddac  sciEnableNotification               
0000de14  sciDisableNotification              
0000de7c  sciEnterResetState                  
0000de9c  sciExitResetState                   
0000debc  sciGetConfigValue                   
0000e014  scilinGetConfigValue                
0000e20c  muxInit                             
0000e6a8  pinmuxGetConfigValue                
0000eac8  _errata_SSWF021_45_both_plls        
0000ecbc  _errata_SSWF021_45_pll1             
0000ee34  _errata_SSWF021_45_pll2             
0000f12c  esmInit                             
0000f234  esmError                            
0000f250  esmEnableError                      
0000f278  esmDisableError                     
0000f2a0  esmTriggerErrorPinReset             
0000f2b0  esmActivateNormalOperation          
0000f2c0  esmEnableInterrupt                  
0000f2e8  esmDisableInterrupt                 
0000f310  esmSetInterruptLevel                
0000f384  esmClearStatus                      
0000f3c4  esmClearStatusBuffer                
0000f3e0  esmSetCounterPreloadValue           
0000f400  esmGetStatus                        
0000f484  esmGetStatusBuffer                  
0000f4bc  esmEnterSelfTest                    
0000f544  esmSelfTestStatus                   
0000f594  esmGetConfigValue                   
0000f6e8  gioInit                             
0000f7b8  gioSetDirection                     
0000f7d8  gioSetBit                           
0000f828  gioSetPort                          
0000f848  gioGetBit                           
0000f870  gioGetPort                          
0000f888  gioToggleBit                        
0000f8e0  gioEnableNotification               
0000f948  gioDisableNotification              
0000f9b0  gioGetConfigValue                   
0000fb6c  sciHighLevelInterrupt               
0000fd3c  sciLowLevelInterrupt                
0000ff44  _coreInitRegisters_                 
00010050  _coreInitStackPointer_              
0001009c  _getCPSRValue_                      
000100a4  _gotoCPUIdle_                       
000100bc  _coreEnableVfp_                     
000100d4  _coreEnableEventBusExport_          
000100e4  _coreDisableEventBusExport_         
000100f4  _coreEnableRamEcc_                  
00010104  _coreDisableRamEcc_                 
00010114  _coreEnableFlashEcc_                
00010128  _coreDisableFlashEcc_               
00010138  _coreEnableIrqVicOffset_            
00010148  _coreGetDataFault_                  
00010150  _coreClearDataFault_                
0001015c  _coreGetInstructionFault_           
00010164  _coreClearInstructionFault_         
00010170  _coreGetDataFaultAddress_           
00010178  _coreClearDataFaultAddress_         
00010184  _coreGetInstructionFaultAddress_    
0001018c  _coreClearInstructionFaultAddress_  
00010198  _coreGetAuxiliaryDataFault_         
000101a0  _coreClearAuxiliaryDataFault_       
000101ac  _coreGetAuxiliaryInstructionFault_  
000101b4  _coreClearAuxiliaryInstructionFault_
000101c0  _disable_interrupt_                 
000101c8  _disable_FIQ_interrupt_             
000101d0  _disable_IRQ_interrupt_             
000101d8  _enable_interrupt_                  
000101e0  _esmCcmErrorsClear_                 
00010268  _errata_CORTEXR4_57_                
00010278  _errata_CORTEXR4_66_                
00010288  __TI_PINIT_Base                     
0001028c  __TI_PINIT_Limit                    
00010290  can1HighLevelInterrupt              
00010378  can1LowLevelInterrupt               
00010414  can2HighLevelInterrupt              
000104fc  can2LowLevelInterrupt               
000105c8  vimParityErrorHandler               
00010894  _c_int00                            
00010b1c  esmGroup1Notification               
00010b2c  esmGroup2Notification               
00010b3c  memoryPort0TestFailNotification     
00010b58  memoryPort1TestFailNotification     
00010b74  adcNotification                     
00010b88  canErrorNotification                
00010b9c  canStatusChangeNotification         
00010bb0  canMessageNotification              
00010bc4  dccNotification                     
00010bd8  gioNotification                     
00010bec  sciNotification                     
00010c00  spiNotification                     
00010c14  spiEndNotification                  
00010c24  pwmNotification                     
00010c3c  edgeNotification                    
00010c50  hetNotification                     
00010c64  etpwmNotification                   
00010c74  etpwmTripNotification               
00010c88  eqepNotification                    
00010c9c  ecapNotification                    
00010cb0  dmaGroupANotification               
00010cc4  esmHighInterrupt                    
00010dd9  floor                               
00010dd9  floorl                              
00010eb8  _pmuInit_                           
00010f04  _pmuEnableCountersGlobal_           
00010f14  _pmuDisableCountersGlobal_          
00010f24  _pmuResetCycleCounter_              
00010f34  _pmuResetEventCounters_             
00010f44  _pmuResetCounters_                  
00010f54  _pmuStartCounters_                  
00010f5c  _pmuStopCounters_                   
00010f64  _pmuSetCountEvent_                  
00010f70  _pmuGetCycleCount_                  
00010f78  _pmuGetEventCount_                  
00010f84  _pmuGetOverflow_                    
00010f98  Delay                               
00011008  main                                
0001104c  gioHighLevelInterrupt               
000110e5  __TI_auto_init_nobinit_nopinit      
00011129  __TI_zero_init_nomemset             
00011145  C$$EXIT                             
00011145  abort                               
00011148  phantomInterrupt                    
0001114c  handlePLLLockFail                   
00011358  __TI_Handler_Table_Base             
0001135c  __TI_CINIT_Base                     
0001135c  __TI_Handler_Table_Limit            
00011364  __TI_CINIT_Limit                    
08000800  __start___llvm_prf_cnts             
08000800  __stop___llvm_prf_cnts              
ffffffff  __TI_pprof_out_hndl                 
ffffffff  __TI_prof_data_size                 
ffffffff  __TI_prof_data_start                
ffffffff  __binit__                           
ffffffff  __c_args__                          
ffffffff  binit                               
UNDEFED   SHT$$INIT_ARRAY$$Base               
UNDEFED   SHT$$INIT_ARRAY$$Limit              
UNDEFED   _system_post_cinit                  

[241 symbols]
